#
# There is insufficient memory for the Java Runtime Environment to continue.
# Native memory allocation (malloc) failed to allocate 809616 bytes for Chunk::new
# Possible reasons:
#   The system is out of physical RAM or swap space
#   The process is running with CompressedOops enabled, and the Java Heap may be blocking the growth of the native heap
# Possible solutions:
#   Reduce memory load on the system
#   Increase physical memory or swap space
#   Check if swap backing store is full
#   Decrease Java heap size (-Xmx/-Xms)
#   Decrease number of Java threads
#   Decrease Java thread stack sizes (-Xss)
#   Set larger code cache with -XX:ReservedCodeCacheSize=
#   JVM is running with Unscaled Compressed Oops mode in which the Java heap is
#     placed in the first 4GB address space. The Java Heap base address is the
#     maximum limit for the native heap growth. Please use -XX:HeapBaseMinAddress
#     to set the Java Heap base and to place the Java Heap above 4GB virtual address.
# This output file may be truncated or incomplete.
#
#  Out of Memory Error (arena.cpp:168), pid=30404, tid=29884
#
# JRE version: Java(TM) SE Runtime Environment (21.0.6+8) (build 21.0.6+8-LTS-188)
# Java VM: Java HotSpot(TM) 64-Bit Server VM (21.0.6+8-LTS-188, mixed mode, sharing, tiered, compressed oops, compressed class ptrs, g1 gc, windows-amd64)
# No core dump will be written. Minidumps are not enabled by default on client versions of Windows
#

---------------  S U M M A R Y ------------

Command Line: --add-opens=java.base/java.lang=ALL-UNNAMED --add-opens=java.base/java.lang.invoke=ALL-UNNAMED --add-opens=java.base/java.util=ALL-UNNAMED --add-opens=java.prefs/java.util.prefs=ALL-UNNAMED --add-exports=jdk.compiler/com.sun.tools.javac.api=ALL-UNNAMED --add-exports=jdk.compiler/com.sun.tools.javac.util=ALL-UNNAMED --add-opens=java.base/java.util=ALL-UNNAMED --add-opens=java.prefs/java.util.prefs=ALL-UNNAMED --add-opens=java.base/java.nio.charset=ALL-UNNAMED --add-opens=java.base/java.net=ALL-UNNAMED --add-opens=java.base/java.util.concurrent.atomic=ALL-UNNAMED --add-opens=java.xml/javax.xml.namespace=ALL-UNNAMED -XX:MaxMetaspaceSize=384m -XX:+HeapDumpOnOutOfMemoryError -Xms256m -Xmx512m -Dfile.encoding=UTF-8 -Duser.country=US -Duser.language=en -Duser.variant -javaagent:C:\Users\ELITEBOOK 840 G5\.gradle\wrapper\dists\gradle-8.14.3-bin\cv11ve7ro1n3o1j4so8xd9n66\gradle-8.14.3\lib\agents\gradle-instrumentation-agent-8.14.3.jar org.gradle.launcher.daemon.bootstrap.GradleDaemon 8.14.3

Host: Intel(R) Core(TM) i5-10310U CPU @ 1.70GHz, 8 cores, 15G,  Windows 11 , 64 bit Build 22621 (10.0.22621.3958)
Time: Wed Dec 31 13:01:48 2025 Morocco Daylight Time elapsed time: 45.300466 seconds (0d 0h 0m 45s)

---------------  T H R E A D  ---------------

Current thread (0x000001bbf91283c0):  JavaThread "C2 CompilerThread0" daemon [_thread_in_native, id=29884, stack(0x0000005810e00000,0x0000005810f00000) (1024K)]


Current CompileTask:
C2:  45300 9093       4       io.spring.gradle.dependencymanagement.org.codehaus.plexus.util.xml.pull.MXParser::parseStartTag (1210 bytes)

Stack: [0x0000005810e00000,0x0000005810f00000]
Native frames: (J=compiled Java code, j=interpreted, Vv=VM code, C=native code)
V  [jvm.dll+0x6ca6d9]
V  [jvm.dll+0x854f51]
V  [jvm.dll+0x85747e]
V  [jvm.dll+0x857b53]
V  [jvm.dll+0x27dcc6]
V  [jvm.dll+0xc4c2d]
V  [jvm.dll+0xc5163]
V  [jvm.dll+0x3b515c]
V  [jvm.dll+0x381855]
V  [jvm.dll+0x380cca]
V  [jvm.dll+0x246920]
V  [jvm.dll+0x245eff]
V  [jvm.dll+0x1c6d2e]
V  [jvm.dll+0x2554f9]
V  [jvm.dll+0x253a8a]
V  [jvm.dll+0x3ee576]
V  [jvm.dll+0x7ff2fb]
V  [jvm.dll+0x6c8dbd]
C  [ucrtbase.dll+0x29333]
C  [KERNEL32.DLL+0x1257d]
C  [ntdll.dll+0x5af08]


---------------  P R O C E S S  ---------------

Threads class SMR info:
_java_thread_list=0x000001bbffcaac90, length=74, elements={
0x000001bbdc1f5de0, 0x000001bbf900c2d0, 0x000001bbf900ce80, 0x000001bbf900df20,
0x000001bbf900fe60, 0x000001bbf90128c0, 0x000001bbf9014d70, 0x000001bbf91283c0,
0x000001bbf9018ab0, 0x000001bbf9015a90, 0x000001bbf9016120, 0x000001bbf9015400,
0x000001bbf9016e40, 0x000001bbf90146e0, 0x000001bbf90167b0, 0x000001bbf9014050,
0x000001bbfef63da0, 0x000001bbfef5d4a0, 0x000001bbfef63080, 0x000001bbfef64430,
0x000001bbfef5db30, 0x000001bbfef64ac0, 0x000001bbfef63710, 0x000001bbfef5e1c0,
0x000001bbfef60fb0, 0x000001bbfef5e850, 0x000001bbfef61640, 0x000001bbfef5eee0,
0x000001bbfef5f570, 0x000001bbfef5fc00, 0x000001bbfef60290, 0x000001bbfef61cd0,
0x000001bbfef629f0, 0x000001bbffe14620, 0x000001bbffe17410, 0x000001bbffe13f90,
0x000001bbffe14cb0, 0x000001bbffe13270, 0x000001bbffe11ec0, 0x000001bbffe12be0,
0x000001bbffe13900, 0x000001bbffe187c0, 0x000001bbffe17aa0, 0x000001bbffe16060,
0x000001bbffe166f0, 0x000001bbffe18130, 0x000001bbffe11830, 0x000001bbffe12550,
0x000001bbff8beea0, 0x000001bbff8bba20, 0x000001bbff8bfbc0, 0x000001bbff8bad00,
0x000001bbff8bdaf0, 0x000001bbff8b9950, 0x000001bbff8c0250, 0x000001bbff8be810,
0x000001bbff8bc0b0, 0x000001bbff8bcdd0, 0x000001bbff8be180, 0x000001bbff8b92c0,
0x000001bbff8bc740, 0x000001bbff8bb390, 0x000001bbff8bd460, 0x000001bbff8bf530,
0x000001bbff8b9fe0, 0x000001bbff8c08e0, 0x000001bbff8ba670, 0x000001bb99089e20,
0x000001bb9908cc10, 0x000001bb9908bef0, 0x000001bb9908a4b0, 0x000001bb9908ab40,
0x000001bb9908b1d0, 0x000001bb9908c580
}

Java Threads: ( => current thread )
  0x000001bbdc1f5de0 JavaThread "main"                              [_thread_blocked, id=29600, stack(0x0000005810000000,0x0000005810100000) (1024K)]
  0x000001bbf900c2d0 JavaThread "Reference Handler"          daemon [_thread_blocked, id=2176, stack(0x0000005810800000,0x0000005810900000) (1024K)]
  0x000001bbf900ce80 JavaThread "Finalizer"                  daemon [_thread_blocked, id=30392, stack(0x0000005810900000,0x0000005810a00000) (1024K)]
  0x000001bbf900df20 JavaThread "Signal Dispatcher"          daemon [_thread_blocked, id=22108, stack(0x0000005810a00000,0x0000005810b00000) (1024K)]
  0x000001bbf900fe60 JavaThread "Attach Listener"            daemon [_thread_blocked, id=26192, stack(0x0000005810b00000,0x0000005810c00000) (1024K)]
  0x000001bbf90128c0 JavaThread "Service Thread"             daemon [_thread_blocked, id=4816, stack(0x0000005810c00000,0x0000005810d00000) (1024K)]
  0x000001bbf9014d70 JavaThread "Monitor Deflation Thread"   daemon [_thread_blocked, id=27016, stack(0x0000005810d00000,0x0000005810e00000) (1024K)]
=>0x000001bbf91283c0 JavaThread "C2 CompilerThread0"         daemon [_thread_in_native, id=29884, stack(0x0000005810e00000,0x0000005810f00000) (1024K)]
  0x000001bbf9018ab0 JavaThread "C1 CompilerThread0"         daemon [_thread_blocked, id=25112, stack(0x0000005810f00000,0x0000005811000000) (1024K)]
  0x000001bbf9015a90 JavaThread "Common-Cleaner"             daemon [_thread_blocked, id=32152, stack(0x0000005811000000,0x0000005811100000) (1024K)]
  0x000001bbf9016120 JavaThread "Notification Thread"        daemon [_thread_blocked, id=24632, stack(0x0000005811100000,0x0000005811200000) (1024K)]
  0x000001bbf9015400 JavaThread "Daemon health stats"               [_thread_blocked, id=6108, stack(0x0000005811800000,0x0000005811900000) (1024K)]
  0x000001bbf9016e40 JavaThread "Incoming local TCP Connector on port 52295"        [_thread_in_native, id=20820, stack(0x0000005811900000,0x0000005811a00000) (1024K)]
  0x000001bbf90146e0 JavaThread "Daemon periodic checks"            [_thread_blocked, id=8532, stack(0x0000005811a00000,0x0000005811b00000) (1024K)]
  0x000001bbf90167b0 JavaThread "Daemon"                            [_thread_blocked, id=25616, stack(0x0000005811b00000,0x0000005811c00000) (1024K)]
  0x000001bbf9014050 JavaThread "Handler for socket connection from /127.0.0.1:52295 to /127.0.0.1:52296"        [_thread_in_native, id=30388, stack(0x0000005811c00000,0x0000005811d00000) (1024K)]
  0x000001bbfef63da0 JavaThread "Cancel handler"                    [_thread_blocked, id=29360, stack(0x0000005811d00000,0x0000005811e00000) (1024K)]
  0x000001bbfef5d4a0 JavaThread "Daemon worker"                     [_thread_in_Java, id=4508, stack(0x0000005811e00000,0x0000005811f00000) (1024K)]
  0x000001bbfef63080 JavaThread "Asynchronous log dispatcher for DefaultDaemonConnection: socket connection from /127.0.0.1:52295 to /127.0.0.1:52296"        [_thread_blocked, id=21112, stack(0x0000005811f00000,0x0000005812000000) (1024K)]
  0x000001bbfef64430 JavaThread "Stdin handler"                     [_thread_blocked, id=29448, stack(0x0000005812000000,0x0000005812100000) (1024K)]
  0x000001bbfef5db30 JavaThread "Daemon client event forwarder"        [_thread_blocked, id=28024, stack(0x0000005812100000,0x0000005812200000) (1024K)]
  0x000001bbfef64ac0 JavaThread "Cache worker for journal cache (C:\Users\ELITEBOOK 840 G5\.gradle\caches\journal-1)"        [_thread_blocked, id=24948, stack(0x0000005811200000,0x0000005811300000) (1024K)]
  0x000001bbfef63710 JavaThread "File lock request listener"        [_thread_in_native, id=20272, stack(0x0000005812200000,0x0000005812300000) (1024K)]
  0x000001bbfef5e1c0 JavaThread "Cache worker for file hash cache (C:\Users\ELITEBOOK 840 G5\.gradle\caches\8.14.3\fileHashes)"        [_thread_blocked, id=30692, stack(0x0000005812300000,0x0000005812400000) (1024K)]
  0x000001bbfef60fb0 JavaThread "Cache worker for file hash cache (C:\Users\ELITEBOOK 840 G5\IdeaProjects\Backend-gestion-immobilier\.gradle\8.14.3\fileHashes)"        [_thread_blocked, id=26524, stack(0x0000005812900000,0x0000005812a00000) (1024K)]
  0x000001bbfef5e850 JavaThread "Cache worker for Build Output Cleanup Cache (C:\Users\ELITEBOOK 840 G5\IdeaProjects\Backend-gestion-immobilier\.gradle\buildOutputCleanup)"        [_thread_blocked, id=29520, stack(0x0000005812a00000,0x0000005812b00000) (1024K)]
  0x000001bbfef61640 JavaThread "File watcher server"        daemon [_thread_in_native, id=1252, stack(0x0000005812b00000,0x0000005812c00000) (1024K)]
  0x000001bbfef5eee0 JavaThread "File watcher consumer"      daemon [_thread_blocked, id=6248, stack(0x0000005812c00000,0x0000005812d00000) (1024K)]
  0x000001bbfef5f570 JavaThread "jar transforms"                    [_thread_blocked, id=25768, stack(0x0000005812500000,0x0000005812600000) (1024K)]
  0x000001bbfef5fc00 JavaThread "jar transforms Thread 2"           [_thread_blocked, id=28936, stack(0x0000005812d00000,0x0000005812e00000) (1024K)]
  0x000001bbfef60290 JavaThread "Cache worker for checksums cache (C:\Users\ELITEBOOK 840 G5\IdeaProjects\Backend-gestion-immobilier\.gradle\8.14.3\checksums)"        [_thread_blocked, id=22616, stack(0x0000005812f00000,0x0000005813000000) (1024K)]
  0x000001bbfef61cd0 JavaThread "Cache worker for file content cache (C:\Users\ELITEBOOK 840 G5\.gradle\caches\8.14.3\fileContent)"        [_thread_blocked, id=4268, stack(0x0000005813000000,0x0000005813100000) (1024K)]
  0x000001bbfef629f0 JavaThread "jar transforms Thread 3"           [_thread_blocked, id=3528, stack(0x0000005813100000,0x0000005813200000) (1024K)]
  0x000001bbffe14620 JavaThread "jar transforms Thread 4"           [_thread_blocked, id=9080, stack(0x0000005813200000,0x0000005813300000) (1024K)]
  0x000001bbffe17410 JavaThread "jar transforms Thread 5"           [_thread_blocked, id=30372, stack(0x0000005813300000,0x0000005813400000) (1024K)]
  0x000001bbffe13f90 JavaThread "jar transforms Thread 6"           [_thread_blocked, id=20568, stack(0x0000005813400000,0x0000005813500000) (1024K)]
  0x000001bbffe14cb0 JavaThread "jar transforms Thread 7"           [_thread_blocked, id=21772, stack(0x0000005813500000,0x0000005813600000) (1024K)]
  0x000001bbffe13270 JavaThread "Cache worker for cache directory md-supplier (C:\Users\ELITEBOOK 840 G5\.gradle\caches\8.14.3\md-supplier)"        [_thread_blocked, id=27420, stack(0x0000005813600000,0x0000005813700000) (1024K)]
  0x000001bbffe11ec0 JavaThread "Cache worker for cache directory md-rule (C:\Users\ELITEBOOK 840 G5\.gradle\caches\8.14.3\md-rule)"        [_thread_blocked, id=21460, stack(0x0000005813700000,0x0000005813800000) (1024K)]
  0x000001bbffe12be0 JavaThread "jar transforms Thread 8"           [_thread_blocked, id=21920, stack(0x0000005812e00000,0x0000005812f00000) (1024K)]
  0x000001bbffe13900 JavaThread "Unconstrained build operations"        [_thread_blocked, id=26604, stack(0x0000005813800000,0x0000005813900000) (1024K)]
  0x000001bbffe187c0 JavaThread "Unconstrained build operations Thread 2"        [_thread_blocked, id=4960, stack(0x0000005813900000,0x0000005813a00000) (1024K)]
  0x000001bbffe17aa0 JavaThread "Unconstrained build operations Thread 3"        [_thread_blocked, id=27916, stack(0x0000005813b00000,0x0000005813c00000) (1024K)]
  0x000001bbffe16060 JavaThread "Unconstrained build operations Thread 4"        [_thread_blocked, id=24720, stack(0x0000005813c00000,0x0000005813d00000) (1024K)]
  0x000001bbffe166f0 JavaThread "Unconstrained build operations Thread 5"        [_thread_blocked, id=10248, stack(0x0000005813d00000,0x0000005813e00000) (1024K)]
  0x000001bbffe18130 JavaThread "Unconstrained build operations Thread 6"        [_thread_blocked, id=20836, stack(0x0000005813e00000,0x0000005813f00000) (1024K)]
  0x000001bbffe11830 JavaThread "Unconstrained build operations Thread 7"        [_thread_blocked, id=23852, stack(0x0000005813f00000,0x0000005814000000) (1024K)]
  0x000001bbffe12550 JavaThread "Unconstrained build operations Thread 8"        [_thread_blocked, id=9184, stack(0x0000005814000000,0x0000005814100000) (1024K)]
  0x000001bbff8beea0 JavaThread "Unconstrained build operations Thread 9"        [_thread_blocked, id=18528, stack(0x0000005814100000,0x0000005814200000) (1024K)]
  0x000001bbff8bba20 JavaThread "Unconstrained build operations Thread 10"        [_thread_blocked, id=29104, stack(0x0000005813a00000,0x0000005813b00000) (1024K)]
  0x000001bbff8bfbc0 JavaThread "Unconstrained build operations Thread 11"        [_thread_blocked, id=15148, stack(0x0000005814200000,0x0000005814300000) (1024K)]
  0x000001bbff8bad00 JavaThread "Unconstrained build operations Thread 12"        [_thread_blocked, id=29552, stack(0x0000005814300000,0x0000005814400000) (1024K)]
  0x000001bbff8bdaf0 JavaThread "Unconstrained build operations Thread 13"        [_thread_blocked, id=18200, stack(0x0000005814400000,0x0000005814500000) (1024K)]
  0x000001bbff8b9950 JavaThread "Unconstrained build operations Thread 14"        [_thread_blocked, id=28940, stack(0x0000005814500000,0x0000005814600000) (1024K)]
  0x000001bbff8c0250 JavaThread "Unconstrained build operations Thread 15"        [_thread_blocked, id=10804, stack(0x0000005814600000,0x0000005814700000) (1024K)]
  0x000001bbff8be810 JavaThread "Unconstrained build operations Thread 16"        [_thread_blocked, id=16904, stack(0x0000005814700000,0x0000005814800000) (1024K)]
  0x000001bbff8bc0b0 JavaThread "Unconstrained build operations Thread 17"        [_thread_blocked, id=16752, stack(0x0000005814900000,0x0000005814a00000) (1024K)]
  0x000001bbff8bcdd0 JavaThread "Unconstrained build operations Thread 18"        [_thread_blocked, id=19612, stack(0x0000005814a00000,0x0000005814b00000) (1024K)]
  0x000001bbff8be180 JavaThread "Unconstrained build operations Thread 19"        [_thread_blocked, id=23748, stack(0x0000005814b00000,0x0000005814c00000) (1024K)]
  0x000001bbff8b92c0 JavaThread "Unconstrained build operations Thread 20"        [_thread_blocked, id=26200, stack(0x0000005814c00000,0x0000005814d00000) (1024K)]
  0x000001bbff8bc740 JavaThread "Unconstrained build operations Thread 21"        [_thread_blocked, id=31884, stack(0x0000005814d00000,0x0000005814e00000) (1024K)]
  0x000001bbff8bb390 JavaThread "Unconstrained build operations Thread 22"        [_thread_blocked, id=24972, stack(0x0000005814e00000,0x0000005814f00000) (1024K)]
  0x000001bbff8bd460 JavaThread "Unconstrained build operations Thread 23"        [_thread_blocked, id=22308, stack(0x0000005814f00000,0x0000005815000000) (1024K)]
  0x000001bbff8bf530 JavaThread "Memory manager"                    [_thread_blocked, id=22724, stack(0x0000005814800000,0x0000005814900000) (1024K)]
  0x000001bbff8b9fe0 JavaThread "ForkJoinPool.commonPool-worker-1" daemon [_thread_blocked, id=32596, stack(0x0000005815200000,0x0000005815300000) (1024K)]
  0x000001bbff8c08e0 JavaThread "ForkJoinPool.commonPool-worker-2" daemon [_thread_blocked, id=26856, stack(0x0000005815300000,0x0000005815400000) (1024K)]
  0x000001bbff8ba670 JavaThread "ForkJoinPool.commonPool-worker-3" daemon [_thread_blocked, id=23520, stack(0x0000005815400000,0x0000005815500000) (1024K)]
  0x000001bb99089e20 JavaThread "ForkJoinPool.commonPool-worker-4" daemon [_thread_blocked, id=20436, stack(0x0000005815500000,0x0000005815600000) (1024K)]
  0x000001bb9908cc10 JavaThread "ForkJoinPool.commonPool-worker-5" daemon [_thread_blocked, id=31548, stack(0x0000005815600000,0x0000005815700000) (1024K)]
  0x000001bb9908bef0 JavaThread "ForkJoinPool.commonPool-worker-6" daemon [_thread_blocked, id=2996, stack(0x0000005815700000,0x0000005815800000) (1024K)]
  0x000001bb9908a4b0 JavaThread "ForkJoinPool.commonPool-worker-7" daemon [_thread_blocked, id=13316, stack(0x0000005815800000,0x0000005815900000) (1024K)]
  0x000001bb9908ab40 JavaThread "Exec process"                      [_thread_blocked, id=29016, stack(0x0000005815900000,0x0000005815a00000) (1024K)]
  0x000001bb9908b1d0 JavaThread "Exec process Thread 2"             [_thread_blocked, id=31656, stack(0x0000005815a00000,0x0000005815b00000) (1024K)]
  0x000001bb9908c580 JavaThread "Exec process Thread 3"             [_thread_blocked, id=22264, stack(0x0000005815b00000,0x0000005815c00000) (1024K)]
Total: 74

Other Threads:
  0x000001bbf8ff4680 VMThread "VM Thread"                           [id=29860, stack(0x0000005810700000,0x0000005810800000) (1024K)]
  0x000001bbf8fe1af0 WatcherThread "VM Periodic Task Thread"        [id=24048, stack(0x0000005810600000,0x0000005810700000) (1024K)]
  0x000001bbde40b1e0 WorkerThread "GC Thread#0"                     [id=1376, stack(0x0000005810100000,0x0000005810200000) (1024K)]
  0x000001bbf8ff4a20 WorkerThread "GC Thread#1"                     [id=23492, stack(0x0000005811300000,0x0000005811400000) (1024K)]
  0x000001bbf8ff4dc0 WorkerThread "GC Thread#2"                     [id=12320, stack(0x0000005811400000,0x0000005811500000) (1024K)]
  0x000001bbf8ff5160 WorkerThread "GC Thread#3"                     [id=30772, stack(0x0000005811500000,0x0000005811600000) (1024K)]
  0x000001bbf8ff5500 WorkerThread "GC Thread#4"                     [id=12568, stack(0x0000005811600000,0x0000005811700000) (1024K)]
  0x000001bbf8ff58a0 WorkerThread "GC Thread#5"                     [id=21580, stack(0x0000005811700000,0x0000005811800000) (1024K)]
  0x000001bbff18d190 WorkerThread "GC Thread#6"                     [id=29244, stack(0x0000005812600000,0x0000005812700000) (1024K)]
  0x000001bbff18d8d0 WorkerThread "GC Thread#7"                     [id=25540, stack(0x0000005812700000,0x0000005812800000) (1024K)]
  0x000001bbde4110d0 ConcurrentGCThread "G1 Main Marker"            [id=21080, stack(0x0000005810200000,0x0000005810300000) (1024K)]
  0x000001bbde414440 WorkerThread "G1 Conc#0"                       [id=28360, stack(0x0000005810300000,0x0000005810400000) (1024K)]
  0x000001bbff18c310 WorkerThread "G1 Conc#1"                       [id=22836, stack(0x0000005812800000,0x0000005812900000) (1024K)]
  0x000001bbf8eb51f0 ConcurrentGCThread "G1 Refine#0"               [id=32856, stack(0x0000005810400000,0x0000005810500000) (1024K)]
  0x000001bbf8eb5b70 ConcurrentGCThread "G1 Service"                [id=24316, stack(0x0000005810500000,0x0000005810600000) (1024K)]
Total: 15

Threads with active compile tasks:
C2 CompilerThread0    45387 9093       4       io.spring.gradle.dependencymanagement.org.codehaus.plexus.util.xml.pull.MXParser::parseStartTag (1210 bytes)
C1 CompilerThread0    45387 9155       3       io.spring.gradle.dependencymanagement.internal.properties.CompositePropertySource::getProperty (40 bytes)
Total: 2

VM state: not at safepoint (normal execution)

VM Mutex/Monitor currently owned by a thread: None

Heap address: 0x00000000e0000000, size: 512 MB, Compressed Oops mode: 32-bit

CDS archive(s) mapped at: [0x000001bb80000000-0x000001bb80c90000-0x000001bb80c90000), size 13172736, SharedBaseAddress: 0x000001bb80000000, ArchiveRelocationMode: 1.
Compressed class space mapped at: 0x000001bb81000000-0x000001bb95000000, reserved size: 335544320
Narrow klass base: 0x000001bb80000000, Narrow klass shift: 0, Narrow klass range: 0x100000000

GC Precious Log:
 CardTable entry size: 512
 Card Set container configuration: InlinePtr #cards 5 size 8 Array Of Cards #cards 12 size 40 Howl #buckets 4 coarsen threshold 1843 Howl Bitmap #cards 512 size 80 coarsen threshold 460 Card regions per heap region 1 cards per card region 2048
 CPUs: 8 total, 8 available
 Memory: 16157M
 Large Page Support: Disabled
 NUMA Support: Disabled
 Compressed Oops: Enabled (32-bit)
 Heap Region Size: 1M
 Heap Min Capacity: 256M
 Heap Initial Capacity: 256M
 Heap Max Capacity: 512M
 Pre-touch: Disabled
 Parallel Workers: 8
 Concurrent Workers: 2
 Concurrent Refinement Workers: 8
 Periodic GC: Disabled

Heap:
 garbage-first heap   total 262144K, used 73728K [0x00000000e0000000, 0x0000000100000000)
  region size 1024K, 32 young (32768K), 13 survivors (13312K)
 Metaspace       used 67798K, committed 69824K, reserved 393216K
  class space    used 9339K, committed 10368K, reserved 327680K

Heap Regions: E=young(eden), S=young(survivor), O=old, HS=humongous(starts), HC=humongous(continues), CS=collection set, F=free, TAMS=top-at-mark-start, PB=parsable bottom
|   0|0x00000000e0000000, 0x00000000e0100000, 0x00000000e0100000|100%|HS|  |TAMS 0x00000000e0000000| PB 0x00000000e0000000| Complete 
|   1|0x00000000e0100000, 0x00000000e0200000, 0x00000000e0200000|100%|HC|  |TAMS 0x00000000e0100000| PB 0x00000000e0100000| Complete 
|   2|0x00000000e0200000, 0x00000000e0300000, 0x00000000e0300000|100%|HC|  |TAMS 0x00000000e0200000| PB 0x00000000e0200000| Complete 
|   3|0x00000000e0300000, 0x00000000e0400000, 0x00000000e0400000|100%| O|  |TAMS 0x00000000e0300000| PB 0x00000000e0300000| Untracked 
|   4|0x00000000e0400000, 0x00000000e0500000, 0x00000000e0500000|100%| O|  |TAMS 0x00000000e0400000| PB 0x00000000e0400000| Untracked 
|   5|0x00000000e0500000, 0x00000000e0600000, 0x00000000e0600000|100%| O|  |TAMS 0x00000000e0500000| PB 0x00000000e0500000| Untracked 
|   6|0x00000000e0600000, 0x00000000e0700000, 0x00000000e0700000|100%|HS|  |TAMS 0x00000000e0600000| PB 0x00000000e0600000| Complete 
|   7|0x00000000e0700000, 0x00000000e0800000, 0x00000000e0800000|100%| O|  |TAMS 0x00000000e0700000| PB 0x00000000e0700000| Untracked 
|   8|0x00000000e0800000, 0x00000000e0900000, 0x00000000e0900000|100%| O|  |TAMS 0x00000000e0800000| PB 0x00000000e0800000| Untracked 
|   9|0x00000000e0900000, 0x00000000e0a00000, 0x00000000e0a00000|100%| O|  |TAMS 0x00000000e0900000| PB 0x00000000e0900000| Untracked 
|  10|0x00000000e0a00000, 0x00000000e0b00000, 0x00000000e0b00000|100%| O|  |TAMS 0x00000000e0a00000| PB 0x00000000e0a00000| Untracked 
|  11|0x00000000e0b00000, 0x00000000e0c00000, 0x00000000e0c00000|100%| O|  |TAMS 0x00000000e0b00000| PB 0x00000000e0b00000| Untracked 
|  12|0x00000000e0c00000, 0x00000000e0d00000, 0x00000000e0d00000|100%| O|  |TAMS 0x00000000e0c00000| PB 0x00000000e0c00000| Untracked 
|  13|0x00000000e0d00000, 0x00000000e0e00000, 0x00000000e0e00000|100%| O|  |TAMS 0x00000000e0d00000| PB 0x00000000e0d00000| Untracked 
|  14|0x00000000e0e00000, 0x00000000e0f00000, 0x00000000e0f00000|100%| O|  |TAMS 0x00000000e0e00000| PB 0x00000000e0e00000| Untracked 
|  15|0x00000000e0f00000, 0x00000000e1000000, 0x00000000e1000000|100%| O|  |TAMS 0x00000000e0f00000| PB 0x00000000e0f00000| Untracked 
|  16|0x00000000e1000000, 0x00000000e1100000, 0x00000000e1100000|100%| O|  |TAMS 0x00000000e1000000| PB 0x00000000e1000000| Untracked 
|  17|0x00000000e1100000, 0x00000000e1200000, 0x00000000e1200000|100%| O|  |TAMS 0x00000000e1100000| PB 0x00000000e1100000| Untracked 
|  18|0x00000000e1200000, 0x00000000e1300000, 0x00000000e1300000|100%| O|  |TAMS 0x00000000e1200000| PB 0x00000000e1200000| Untracked 
|  19|0x00000000e1300000, 0x00000000e1400000, 0x00000000e1400000|100%| O|  |TAMS 0x00000000e1300000| PB 0x00000000e1300000| Untracked 
|  20|0x00000000e1400000, 0x00000000e1500000, 0x00000000e1500000|100%| O|  |TAMS 0x00000000e1400000| PB 0x00000000e1400000| Untracked 
|  21|0x00000000e1500000, 0x00000000e1600000, 0x00000000e1600000|100%| O|  |TAMS 0x00000000e1500000| PB 0x00000000e1500000| Untracked 
|  22|0x00000000e1600000, 0x00000000e1700000, 0x00000000e1700000|100%| O|  |TAMS 0x00000000e1600000| PB 0x00000000e1600000| Untracked 
|  23|0x00000000e1700000, 0x00000000e1800000, 0x00000000e1800000|100%| O|  |TAMS 0x00000000e1700000| PB 0x00000000e1700000| Untracked 
|  24|0x00000000e1800000, 0x00000000e1900000, 0x00000000e1900000|100%| O|  |TAMS 0x00000000e1800000| PB 0x00000000e1800000| Untracked 
|  25|0x00000000e1900000, 0x00000000e1a00000, 0x00000000e1a00000|100%| O|  |TAMS 0x00000000e1900000| PB 0x00000000e1900000| Untracked 
|  26|0x00000000e1a00000, 0x00000000e1b00000, 0x00000000e1b00000|100%| O|  |TAMS 0x00000000e1a00000| PB 0x00000000e1a00000| Untracked 
|  27|0x00000000e1b00000, 0x00000000e1c00000, 0x00000000e1c00000|100%| O|Cm|TAMS 0x00000000e1b00000| PB 0x00000000e1b00000| Complete 
|  28|0x00000000e1c00000, 0x00000000e1d00000, 0x00000000e1d00000|100%| O|  |TAMS 0x00000000e1c00000| PB 0x00000000e1c00000| Untracked 
|  29|0x00000000e1d00000, 0x00000000e1e00000, 0x00000000e1e00000|100%| O|  |TAMS 0x00000000e1d00000| PB 0x00000000e1d00000| Untracked 
|  30|0x00000000e1e00000, 0x00000000e1f00000, 0x00000000e1f00000|100%| O|  |TAMS 0x00000000e1e00000| PB 0x00000000e1e00000| Untracked 
|  31|0x00000000e1f00000, 0x00000000e2000000, 0x00000000e2000000|100%| O|  |TAMS 0x00000000e1f00000| PB 0x00000000e1f00000| Untracked 
|  32|0x00000000e2000000, 0x00000000e2100000, 0x00000000e2100000|100%| O|  |TAMS 0x00000000e2000000| PB 0x00000000e2000000| Untracked 
|  33|0x00000000e2100000, 0x00000000e2200000, 0x00000000e2200000|100%| O|  |TAMS 0x00000000e2100000| PB 0x00000000e2100000| Untracked 
|  34|0x00000000e2200000, 0x00000000e2300000, 0x00000000e2300000|100%| O|  |TAMS 0x00000000e2200000| PB 0x00000000e2200000| Untracked 
|  35|0x00000000e2300000, 0x00000000e2400000, 0x00000000e2400000|100%| O|  |TAMS 0x00000000e2300000| PB 0x00000000e2300000| Untracked 
|  36|0x00000000e2400000, 0x00000000e2500000, 0x00000000e2500000|100%| O|  |TAMS 0x00000000e2400000| PB 0x00000000e2400000| Untracked 
|  37|0x00000000e2500000, 0x00000000e2600000, 0x00000000e2600000|100%| O|  |TAMS 0x00000000e2500000| PB 0x00000000e2500000| Untracked 
|  38|0x00000000e2600000, 0x00000000e2700000, 0x00000000e2700000|100%| O|  |TAMS 0x00000000e2600000| PB 0x00000000e2600000| Untracked 
|  39|0x00000000e2700000, 0x00000000e2800000, 0x00000000e2800000|100%| O|  |TAMS 0x00000000e2700000| PB 0x00000000e2700000| Untracked 
|  40|0x00000000e2800000, 0x00000000e2900000, 0x00000000e2900000|100%| O|  |TAMS 0x00000000e2800000| PB 0x00000000e2800000| Untracked 
|  41|0x00000000e2900000, 0x00000000e2900000, 0x00000000e2a00000|  0%| F|  |TAMS 0x00000000e2900000| PB 0x00000000e2900000| Untracked 
|  42|0x00000000e2a00000, 0x00000000e2a00000, 0x00000000e2b00000|  0%| F|  |TAMS 0x00000000e2a00000| PB 0x00000000e2a00000| Untracked 
|  43|0x00000000e2b00000, 0x00000000e2b00000, 0x00000000e2c00000|  0%| F|  |TAMS 0x00000000e2b00000| PB 0x00000000e2b00000| Untracked 
|  44|0x00000000e2c00000, 0x00000000e2c00000, 0x00000000e2d00000|  0%| F|  |TAMS 0x00000000e2c00000| PB 0x00000000e2c00000| Untracked 
|  45|0x00000000e2d00000, 0x00000000e2d00000, 0x00000000e2e00000|  0%| F|  |TAMS 0x00000000e2d00000| PB 0x00000000e2d00000| Untracked 
|  46|0x00000000e2e00000, 0x00000000e2e00000, 0x00000000e2f00000|  0%| F|  |TAMS 0x00000000e2e00000| PB 0x00000000e2e00000| Untracked 
|  47|0x00000000e2f00000, 0x00000000e2f00000, 0x00000000e3000000|  0%| F|  |TAMS 0x00000000e2f00000| PB 0x00000000e2f00000| Untracked 
|  48|0x00000000e3000000, 0x00000000e3000000, 0x00000000e3100000|  0%| F|  |TAMS 0x00000000e3000000| PB 0x00000000e3000000| Untracked 
|  49|0x00000000e3100000, 0x00000000e3100000, 0x00000000e3200000|  0%| F|  |TAMS 0x00000000e3100000| PB 0x00000000e3100000| Untracked 
|  50|0x00000000e3200000, 0x00000000e3200000, 0x00000000e3300000|  0%| F|  |TAMS 0x00000000e3200000| PB 0x00000000e3200000| Untracked 
|  51|0x00000000e3300000, 0x00000000e3300000, 0x00000000e3400000|  0%| F|  |TAMS 0x00000000e3300000| PB 0x00000000e3300000| Untracked 
|  52|0x00000000e3400000, 0x00000000e3400000, 0x00000000e3500000|  0%| F|  |TAMS 0x00000000e3400000| PB 0x00000000e3400000| Untracked 
|  53|0x00000000e3500000, 0x00000000e3500000, 0x00000000e3600000|  0%| F|  |TAMS 0x00000000e3500000| PB 0x00000000e3500000| Untracked 
|  54|0x00000000e3600000, 0x00000000e3600000, 0x00000000e3700000|  0%| F|  |TAMS 0x00000000e3600000| PB 0x00000000e3600000| Untracked 
|  55|0x00000000e3700000, 0x00000000e3700000, 0x00000000e3800000|  0%| F|  |TAMS 0x00000000e3700000| PB 0x00000000e3700000| Untracked 
|  56|0x00000000e3800000, 0x00000000e3800000, 0x00000000e3900000|  0%| F|  |TAMS 0x00000000e3800000| PB 0x00000000e3800000| Untracked 
|  57|0x00000000e3900000, 0x00000000e3900000, 0x00000000e3a00000|  0%| F|  |TAMS 0x00000000e3900000| PB 0x00000000e3900000| Untracked 
|  58|0x00000000e3a00000, 0x00000000e3a00000, 0x00000000e3b00000|  0%| F|  |TAMS 0x00000000e3a00000| PB 0x00000000e3a00000| Untracked 
|  59|0x00000000e3b00000, 0x00000000e3b00000, 0x00000000e3c00000|  0%| F|  |TAMS 0x00000000e3b00000| PB 0x00000000e3b00000| Untracked 
|  60|0x00000000e3c00000, 0x00000000e3c00000, 0x00000000e3d00000|  0%| F|  |TAMS 0x00000000e3c00000| PB 0x00000000e3c00000| Untracked 
|  61|0x00000000e3d00000, 0x00000000e3d00000, 0x00000000e3e00000|  0%| F|  |TAMS 0x00000000e3d00000| PB 0x00000000e3d00000| Untracked 
|  62|0x00000000e3e00000, 0x00000000e3e00000, 0x00000000e3f00000|  0%| F|  |TAMS 0x00000000e3e00000| PB 0x00000000e3e00000| Untracked 
|  63|0x00000000e3f00000, 0x00000000e3f00000, 0x00000000e4000000|  0%| F|  |TAMS 0x00000000e3f00000| PB 0x00000000e3f00000| Untracked 
|  64|0x00000000e4000000, 0x00000000e4000000, 0x00000000e4100000|  0%| F|  |TAMS 0x00000000e4000000| PB 0x00000000e4000000| Untracked 
|  65|0x00000000e4100000, 0x00000000e4100000, 0x00000000e4200000|  0%| F|  |TAMS 0x00000000e4100000| PB 0x00000000e4100000| Untracked 
|  66|0x00000000e4200000, 0x00000000e4200000, 0x00000000e4300000|  0%| F|  |TAMS 0x00000000e4200000| PB 0x00000000e4200000| Untracked 
|  67|0x00000000e4300000, 0x00000000e4300000, 0x00000000e4400000|  0%| F|  |TAMS 0x00000000e4300000| PB 0x00000000e4300000| Untracked 
|  68|0x00000000e4400000, 0x00000000e4400000, 0x00000000e4500000|  0%| F|  |TAMS 0x00000000e4400000| PB 0x00000000e4400000| Untracked 
|  69|0x00000000e4500000, 0x00000000e4500000, 0x00000000e4600000|  0%| F|  |TAMS 0x00000000e4500000| PB 0x00000000e4500000| Untracked 
|  70|0x00000000e4600000, 0x00000000e4600000, 0x00000000e4700000|  0%| F|  |TAMS 0x00000000e4600000| PB 0x00000000e4600000| Untracked 
|  71|0x00000000e4700000, 0x00000000e4700000, 0x00000000e4800000|  0%| F|  |TAMS 0x00000000e4700000| PB 0x00000000e4700000| Untracked 
|  72|0x00000000e4800000, 0x00000000e4800000, 0x00000000e4900000|  0%| F|  |TAMS 0x00000000e4800000| PB 0x00000000e4800000| Untracked 
|  73|0x00000000e4900000, 0x00000000e4900000, 0x00000000e4a00000|  0%| F|  |TAMS 0x00000000e4900000| PB 0x00000000e4900000| Untracked 
|  74|0x00000000e4a00000, 0x00000000e4a00000, 0x00000000e4b00000|  0%| F|  |TAMS 0x00000000e4a00000| PB 0x00000000e4a00000| Untracked 
|  75|0x00000000e4b00000, 0x00000000e4b00000, 0x00000000e4c00000|  0%| F|  |TAMS 0x00000000e4b00000| PB 0x00000000e4b00000| Untracked 
|  76|0x00000000e4c00000, 0x00000000e4c00000, 0x00000000e4d00000|  0%| F|  |TAMS 0x00000000e4c00000| PB 0x00000000e4c00000| Untracked 
|  77|0x00000000e4d00000, 0x00000000e4d00000, 0x00000000e4e00000|  0%| F|  |TAMS 0x00000000e4d00000| PB 0x00000000e4d00000| Untracked 
|  78|0x00000000e4e00000, 0x00000000e4e00000, 0x00000000e4f00000|  0%| F|  |TAMS 0x00000000e4e00000| PB 0x00000000e4e00000| Untracked 
|  79|0x00000000e4f00000, 0x00000000e4f00000, 0x00000000e5000000|  0%| F|  |TAMS 0x00000000e4f00000| PB 0x00000000e4f00000| Untracked 
|  80|0x00000000e5000000, 0x00000000e5000000, 0x00000000e5100000|  0%| F|  |TAMS 0x00000000e5000000| PB 0x00000000e5000000| Untracked 
|  81|0x00000000e5100000, 0x00000000e5100000, 0x00000000e5200000|  0%| F|  |TAMS 0x00000000e5100000| PB 0x00000000e5100000| Untracked 
|  82|0x00000000e5200000, 0x00000000e5200000, 0x00000000e5300000|  0%| F|  |TAMS 0x00000000e5200000| PB 0x00000000e5200000| Untracked 
|  83|0x00000000e5300000, 0x00000000e5300000, 0x00000000e5400000|  0%| F|  |TAMS 0x00000000e5300000| PB 0x00000000e5300000| Untracked 
|  84|0x00000000e5400000, 0x00000000e5400000, 0x00000000e5500000|  0%| F|  |TAMS 0x00000000e5400000| PB 0x00000000e5400000| Untracked 
|  85|0x00000000e5500000, 0x00000000e5500000, 0x00000000e5600000|  0%| F|  |TAMS 0x00000000e5500000| PB 0x00000000e5500000| Untracked 
|  86|0x00000000e5600000, 0x00000000e5600000, 0x00000000e5700000|  0%| F|  |TAMS 0x00000000e5600000| PB 0x00000000e5600000| Untracked 
|  87|0x00000000e5700000, 0x00000000e5700000, 0x00000000e5800000|  0%| F|  |TAMS 0x00000000e5700000| PB 0x00000000e5700000| Untracked 
|  88|0x00000000e5800000, 0x00000000e5800000, 0x00000000e5900000|  0%| F|  |TAMS 0x00000000e5800000| PB 0x00000000e5800000| Untracked 
|  89|0x00000000e5900000, 0x00000000e5900000, 0x00000000e5a00000|  0%| F|  |TAMS 0x00000000e5900000| PB 0x00000000e5900000| Untracked 
|  90|0x00000000e5a00000, 0x00000000e5b00000, 0x00000000e5b00000|100%| S|CS|TAMS 0x00000000e5a00000| PB 0x00000000e5a00000| Complete 
|  91|0x00000000e5b00000, 0x00000000e5c00000, 0x00000000e5c00000|100%| S|CS|TAMS 0x00000000e5b00000| PB 0x00000000e5b00000| Complete 
|  92|0x00000000e5c00000, 0x00000000e5d00000, 0x00000000e5d00000|100%| S|CS|TAMS 0x00000000e5c00000| PB 0x00000000e5c00000| Complete 
|  93|0x00000000e5d00000, 0x00000000e5e00000, 0x00000000e5e00000|100%| S|CS|TAMS 0x00000000e5d00000| PB 0x00000000e5d00000| Complete 
|  94|0x00000000e5e00000, 0x00000000e5f00000, 0x00000000e5f00000|100%| S|CS|TAMS 0x00000000e5e00000| PB 0x00000000e5e00000| Complete 
|  95|0x00000000e5f00000, 0x00000000e6000000, 0x00000000e6000000|100%| S|CS|TAMS 0x00000000e5f00000| PB 0x00000000e5f00000| Complete 
|  96|0x00000000e6000000, 0x00000000e6100000, 0x00000000e6100000|100%| S|CS|TAMS 0x00000000e6000000| PB 0x00000000e6000000| Complete 
|  97|0x00000000e6100000, 0x00000000e6200000, 0x00000000e6200000|100%| S|CS|TAMS 0x00000000e6100000| PB 0x00000000e6100000| Complete 
|  98|0x00000000e6200000, 0x00000000e6300000, 0x00000000e6300000|100%| S|CS|TAMS 0x00000000e6200000| PB 0x00000000e6200000| Complete 
|  99|0x00000000e6300000, 0x00000000e6400000, 0x00000000e6400000|100%| S|CS|TAMS 0x00000000e6300000| PB 0x00000000e6300000| Complete 
| 100|0x00000000e6400000, 0x00000000e6500000, 0x00000000e6500000|100%| S|CS|TAMS 0x00000000e6400000| PB 0x00000000e6400000| Complete 
| 101|0x00000000e6500000, 0x00000000e6600000, 0x00000000e6600000|100%| S|CS|TAMS 0x00000000e6500000| PB 0x00000000e6500000| Complete 
| 102|0x00000000e6600000, 0x00000000e6700000, 0x00000000e6700000|100%| S|CS|TAMS 0x00000000e6600000| PB 0x00000000e6600000| Complete 
| 103|0x00000000e6700000, 0x00000000e6700000, 0x00000000e6800000|  0%| F|  |TAMS 0x00000000e6700000| PB 0x00000000e6700000| Untracked 
| 104|0x00000000e6800000, 0x00000000e6800000, 0x00000000e6900000|  0%| F|  |TAMS 0x00000000e6800000| PB 0x00000000e6800000| Untracked 
| 105|0x00000000e6900000, 0x00000000e6900000, 0x00000000e6a00000|  0%| F|  |TAMS 0x00000000e6900000| PB 0x00000000e6900000| Untracked 
| 106|0x00000000e6a00000, 0x00000000e6a00000, 0x00000000e6b00000|  0%| F|  |TAMS 0x00000000e6a00000| PB 0x00000000e6a00000| Untracked 
| 107|0x00000000e6b00000, 0x00000000e6b00000, 0x00000000e6c00000|  0%| F|  |TAMS 0x00000000e6b00000| PB 0x00000000e6b00000| Untracked 
| 108|0x00000000e6c00000, 0x00000000e6c00000, 0x00000000e6d00000|  0%| F|  |TAMS 0x00000000e6c00000| PB 0x00000000e6c00000| Untracked 
| 109|0x00000000e6d00000, 0x00000000e6d00000, 0x00000000e6e00000|  0%| F|  |TAMS 0x00000000e6d00000| PB 0x00000000e6d00000| Untracked 
| 110|0x00000000e6e00000, 0x00000000e6e00000, 0x00000000e6f00000|  0%| F|  |TAMS 0x00000000e6e00000| PB 0x00000000e6e00000| Untracked 
| 111|0x00000000e6f00000, 0x00000000e6f00000, 0x00000000e7000000|  0%| F|  |TAMS 0x00000000e6f00000| PB 0x00000000e6f00000| Untracked 
| 112|0x00000000e7000000, 0x00000000e7000000, 0x00000000e7100000|  0%| F|  |TAMS 0x00000000e7000000| PB 0x00000000e7000000| Untracked 
| 113|0x00000000e7100000, 0x00000000e7100000, 0x00000000e7200000|  0%| F|  |TAMS 0x00000000e7100000| PB 0x00000000e7100000| Untracked 
| 114|0x00000000e7200000, 0x00000000e7200000, 0x00000000e7300000|  0%| F|  |TAMS 0x00000000e7200000| PB 0x00000000e7200000| Untracked 
| 115|0x00000000e7300000, 0x00000000e7300000, 0x00000000e7400000|  0%| F|  |TAMS 0x00000000e7300000| PB 0x00000000e7300000| Untracked 
| 116|0x00000000e7400000, 0x00000000e7400000, 0x00000000e7500000|  0%| F|  |TAMS 0x00000000e7400000| PB 0x00000000e7400000| Untracked 
| 117|0x00000000e7500000, 0x00000000e7500000, 0x00000000e7600000|  0%| F|  |TAMS 0x00000000e7500000| PB 0x00000000e7500000| Untracked 
| 118|0x00000000e7600000, 0x00000000e7600000, 0x00000000e7700000|  0%| F|  |TAMS 0x00000000e7600000| PB 0x00000000e7600000| Untracked 
| 119|0x00000000e7700000, 0x00000000e7700000, 0x00000000e7800000|  0%| F|  |TAMS 0x00000000e7700000| PB 0x00000000e7700000| Untracked 
| 120|0x00000000e7800000, 0x00000000e7800000, 0x00000000e7900000|  0%| F|  |TAMS 0x00000000e7800000| PB 0x00000000e7800000| Untracked 
| 121|0x00000000e7900000, 0x00000000e7900000, 0x00000000e7a00000|  0%| F|  |TAMS 0x00000000e7900000| PB 0x00000000e7900000| Untracked 
| 122|0x00000000e7a00000, 0x00000000e7a00000, 0x00000000e7b00000|  0%| F|  |TAMS 0x00000000e7a00000| PB 0x00000000e7a00000| Untracked 
| 123|0x00000000e7b00000, 0x00000000e7b00000, 0x00000000e7c00000|  0%| F|  |TAMS 0x00000000e7b00000| PB 0x00000000e7b00000| Untracked 
| 124|0x00000000e7c00000, 0x00000000e7c00000, 0x00000000e7d00000|  0%| F|  |TAMS 0x00000000e7c00000| PB 0x00000000e7c00000| Untracked 
| 125|0x00000000e7d00000, 0x00000000e7d00000, 0x00000000e7e00000|  0%| F|  |TAMS 0x00000000e7d00000| PB 0x00000000e7d00000| Untracked 
| 126|0x00000000e7e00000, 0x00000000e7e00000, 0x00000000e7f00000|  0%| F|  |TAMS 0x00000000e7e00000| PB 0x00000000e7e00000| Untracked 
| 127|0x00000000e7f00000, 0x00000000e7f00000, 0x00000000e8000000|  0%| F|  |TAMS 0x00000000e7f00000| PB 0x00000000e7f00000| Untracked 
| 128|0x00000000e8000000, 0x00000000e8000000, 0x00000000e8100000|  0%| F|  |TAMS 0x00000000e8000000| PB 0x00000000e8000000| Untracked 
| 129|0x00000000e8100000, 0x00000000e8100000, 0x00000000e8200000|  0%| F|  |TAMS 0x00000000e8100000| PB 0x00000000e8100000| Untracked 
| 130|0x00000000e8200000, 0x00000000e8200000, 0x00000000e8300000|  0%| F|  |TAMS 0x00000000e8200000| PB 0x00000000e8200000| Untracked 
| 131|0x00000000e8300000, 0x00000000e8300000, 0x00000000e8400000|  0%| F|  |TAMS 0x00000000e8300000| PB 0x00000000e8300000| Untracked 
| 132|0x00000000e8400000, 0x00000000e8400000, 0x00000000e8500000|  0%| F|  |TAMS 0x00000000e8400000| PB 0x00000000e8400000| Untracked 
| 133|0x00000000e8500000, 0x00000000e8500000, 0x00000000e8600000|  0%| F|  |TAMS 0x00000000e8500000| PB 0x00000000e8500000| Untracked 
| 134|0x00000000e8600000, 0x00000000e8600000, 0x00000000e8700000|  0%| F|  |TAMS 0x00000000e8600000| PB 0x00000000e8600000| Untracked 
| 135|0x00000000e8700000, 0x00000000e8700000, 0x00000000e8800000|  0%| F|  |TAMS 0x00000000e8700000| PB 0x00000000e8700000| Untracked 
| 136|0x00000000e8800000, 0x00000000e8800000, 0x00000000e8900000|  0%| F|  |TAMS 0x00000000e8800000| PB 0x00000000e8800000| Untracked 
| 137|0x00000000e8900000, 0x00000000e8900000, 0x00000000e8a00000|  0%| F|  |TAMS 0x00000000e8900000| PB 0x00000000e8900000| Untracked 
| 138|0x00000000e8a00000, 0x00000000e8a00000, 0x00000000e8b00000|  0%| F|  |TAMS 0x00000000e8a00000| PB 0x00000000e8a00000| Untracked 
| 139|0x00000000e8b00000, 0x00000000e8b00000, 0x00000000e8c00000|  0%| F|  |TAMS 0x00000000e8b00000| PB 0x00000000e8b00000| Untracked 
| 140|0x00000000e8c00000, 0x00000000e8c00000, 0x00000000e8d00000|  0%| F|  |TAMS 0x00000000e8c00000| PB 0x00000000e8c00000| Untracked 
| 141|0x00000000e8d00000, 0x00000000e8d00000, 0x00000000e8e00000|  0%| F|  |TAMS 0x00000000e8d00000| PB 0x00000000e8d00000| Untracked 
| 142|0x00000000e8e00000, 0x00000000e8e00000, 0x00000000e8f00000|  0%| F|  |TAMS 0x00000000e8e00000| PB 0x00000000e8e00000| Untracked 
| 143|0x00000000e8f00000, 0x00000000e8f00000, 0x00000000e9000000|  0%| F|  |TAMS 0x00000000e8f00000| PB 0x00000000e8f00000| Untracked 
| 144|0x00000000e9000000, 0x00000000e9000000, 0x00000000e9100000|  0%| F|  |TAMS 0x00000000e9000000| PB 0x00000000e9000000| Untracked 
| 145|0x00000000e9100000, 0x00000000e9100000, 0x00000000e9200000|  0%| F|  |TAMS 0x00000000e9100000| PB 0x00000000e9100000| Untracked 
| 146|0x00000000e9200000, 0x00000000e9200000, 0x00000000e9300000|  0%| F|  |TAMS 0x00000000e9200000| PB 0x00000000e9200000| Untracked 
| 147|0x00000000e9300000, 0x00000000e9300000, 0x00000000e9400000|  0%| F|  |TAMS 0x00000000e9300000| PB 0x00000000e9300000| Untracked 
| 148|0x00000000e9400000, 0x00000000e9400000, 0x00000000e9500000|  0%| F|  |TAMS 0x00000000e9400000| PB 0x00000000e9400000| Untracked 
| 149|0x00000000e9500000, 0x00000000e9500000, 0x00000000e9600000|  0%| F|  |TAMS 0x00000000e9500000| PB 0x00000000e9500000| Untracked 
| 150|0x00000000e9600000, 0x00000000e9600000, 0x00000000e9700000|  0%| F|  |TAMS 0x00000000e9600000| PB 0x00000000e9600000| Untracked 
| 151|0x00000000e9700000, 0x00000000e9700000, 0x00000000e9800000|  0%| F|  |TAMS 0x00000000e9700000| PB 0x00000000e9700000| Untracked 
| 152|0x00000000e9800000, 0x00000000e9800000, 0x00000000e9900000|  0%| F|  |TAMS 0x00000000e9800000| PB 0x00000000e9800000| Untracked 
| 153|0x00000000e9900000, 0x00000000e9900000, 0x00000000e9a00000|  0%| F|  |TAMS 0x00000000e9900000| PB 0x00000000e9900000| Untracked 
| 154|0x00000000e9a00000, 0x00000000e9a00000, 0x00000000e9b00000|  0%| F|  |TAMS 0x00000000e9a00000| PB 0x00000000e9a00000| Untracked 
| 155|0x00000000e9b00000, 0x00000000e9b00000, 0x00000000e9c00000|  0%| F|  |TAMS 0x00000000e9b00000| PB 0x00000000e9b00000| Untracked 
| 156|0x00000000e9c00000, 0x00000000e9c00000, 0x00000000e9d00000|  0%| F|  |TAMS 0x00000000e9c00000| PB 0x00000000e9c00000| Untracked 
| 157|0x00000000e9d00000, 0x00000000e9d00000, 0x00000000e9e00000|  0%| F|  |TAMS 0x00000000e9d00000| PB 0x00000000e9d00000| Untracked 
| 158|0x00000000e9e00000, 0x00000000e9e00000, 0x00000000e9f00000|  0%| F|  |TAMS 0x00000000e9e00000| PB 0x00000000e9e00000| Untracked 
| 159|0x00000000e9f00000, 0x00000000e9f00000, 0x00000000ea000000|  0%| F|  |TAMS 0x00000000e9f00000| PB 0x00000000e9f00000| Untracked 
| 160|0x00000000ea000000, 0x00000000ea000000, 0x00000000ea100000|  0%| F|  |TAMS 0x00000000ea000000| PB 0x00000000ea000000| Untracked 
| 161|0x00000000ea100000, 0x00000000ea100000, 0x00000000ea200000|  0%| F|  |TAMS 0x00000000ea100000| PB 0x00000000ea100000| Untracked 
| 162|0x00000000ea200000, 0x00000000ea200000, 0x00000000ea300000|  0%| F|  |TAMS 0x00000000ea200000| PB 0x00000000ea200000| Untracked 
| 163|0x00000000ea300000, 0x00000000ea300000, 0x00000000ea400000|  0%| F|  |TAMS 0x00000000ea300000| PB 0x00000000ea300000| Untracked 
| 164|0x00000000ea400000, 0x00000000ea400000, 0x00000000ea500000|  0%| F|  |TAMS 0x00000000ea400000| PB 0x00000000ea400000| Untracked 
| 165|0x00000000ea500000, 0x00000000ea500000, 0x00000000ea600000|  0%| F|  |TAMS 0x00000000ea500000| PB 0x00000000ea500000| Untracked 
| 166|0x00000000ea600000, 0x00000000ea600000, 0x00000000ea700000|  0%| F|  |TAMS 0x00000000ea600000| PB 0x00000000ea600000| Untracked 
| 167|0x00000000ea700000, 0x00000000ea700000, 0x00000000ea800000|  0%| F|  |TAMS 0x00000000ea700000| PB 0x00000000ea700000| Untracked 
| 168|0x00000000ea800000, 0x00000000ea800000, 0x00000000ea900000|  0%| F|  |TAMS 0x00000000ea800000| PB 0x00000000ea800000| Untracked 
| 169|0x00000000ea900000, 0x00000000ea900000, 0x00000000eaa00000|  0%| F|  |TAMS 0x00000000ea900000| PB 0x00000000ea900000| Untracked 
| 170|0x00000000eaa00000, 0x00000000eaa00000, 0x00000000eab00000|  0%| F|  |TAMS 0x00000000eaa00000| PB 0x00000000eaa00000| Untracked 
| 171|0x00000000eab00000, 0x00000000eab00000, 0x00000000eac00000|  0%| F|  |TAMS 0x00000000eab00000| PB 0x00000000eab00000| Untracked 
| 172|0x00000000eac00000, 0x00000000eac00000, 0x00000000ead00000|  0%| F|  |TAMS 0x00000000eac00000| PB 0x00000000eac00000| Untracked 
| 173|0x00000000ead00000, 0x00000000ead00000, 0x00000000eae00000|  0%| F|  |TAMS 0x00000000ead00000| PB 0x00000000ead00000| Untracked 
| 174|0x00000000eae00000, 0x00000000eae00000, 0x00000000eaf00000|  0%| F|  |TAMS 0x00000000eae00000| PB 0x00000000eae00000| Untracked 
| 175|0x00000000eaf00000, 0x00000000eaf00000, 0x00000000eb000000|  0%| F|  |TAMS 0x00000000eaf00000| PB 0x00000000eaf00000| Untracked 
| 176|0x00000000eb000000, 0x00000000eb000000, 0x00000000eb100000|  0%| F|  |TAMS 0x00000000eb000000| PB 0x00000000eb000000| Untracked 
| 177|0x00000000eb100000, 0x00000000eb100000, 0x00000000eb200000|  0%| F|  |TAMS 0x00000000eb100000| PB 0x00000000eb100000| Untracked 
| 178|0x00000000eb200000, 0x00000000eb200000, 0x00000000eb300000|  0%| F|  |TAMS 0x00000000eb200000| PB 0x00000000eb200000| Untracked 
| 179|0x00000000eb300000, 0x00000000eb300000, 0x00000000eb400000|  0%| F|  |TAMS 0x00000000eb300000| PB 0x00000000eb300000| Untracked 
| 180|0x00000000eb400000, 0x00000000eb400000, 0x00000000eb500000|  0%| F|  |TAMS 0x00000000eb400000| PB 0x00000000eb400000| Untracked 
| 181|0x00000000eb500000, 0x00000000eb500000, 0x00000000eb600000|  0%| F|  |TAMS 0x00000000eb500000| PB 0x00000000eb500000| Untracked 
| 182|0x00000000eb600000, 0x00000000eb600000, 0x00000000eb700000|  0%| F|  |TAMS 0x00000000eb600000| PB 0x00000000eb600000| Untracked 
| 183|0x00000000eb700000, 0x00000000eb700000, 0x00000000eb800000|  0%| F|  |TAMS 0x00000000eb700000| PB 0x00000000eb700000| Untracked 
| 184|0x00000000eb800000, 0x00000000eb800000, 0x00000000eb900000|  0%| F|  |TAMS 0x00000000eb800000| PB 0x00000000eb800000| Untracked 
| 185|0x00000000eb900000, 0x00000000eb900000, 0x00000000eba00000|  0%| F|  |TAMS 0x00000000eb900000| PB 0x00000000eb900000| Untracked 
| 186|0x00000000eba00000, 0x00000000eba00000, 0x00000000ebb00000|  0%| F|  |TAMS 0x00000000eba00000| PB 0x00000000eba00000| Untracked 
| 187|0x00000000ebb00000, 0x00000000ebb00000, 0x00000000ebc00000|  0%| F|  |TAMS 0x00000000ebb00000| PB 0x00000000ebb00000| Untracked 
| 188|0x00000000ebc00000, 0x00000000ebc00000, 0x00000000ebd00000|  0%| F|  |TAMS 0x00000000ebc00000| PB 0x00000000ebc00000| Untracked 
| 189|0x00000000ebd00000, 0x00000000ebd00000, 0x00000000ebe00000|  0%| F|  |TAMS 0x00000000ebd00000| PB 0x00000000ebd00000| Untracked 
| 190|0x00000000ebe00000, 0x00000000ebe00000, 0x00000000ebf00000|  0%| F|  |TAMS 0x00000000ebe00000| PB 0x00000000ebe00000| Untracked 
| 191|0x00000000ebf00000, 0x00000000ebf00000, 0x00000000ec000000|  0%| F|  |TAMS 0x00000000ebf00000| PB 0x00000000ebf00000| Untracked 
| 192|0x00000000ec000000, 0x00000000ec000000, 0x00000000ec100000|  0%| F|  |TAMS 0x00000000ec000000| PB 0x00000000ec000000| Untracked 
| 193|0x00000000ec100000, 0x00000000ec100000, 0x00000000ec200000|  0%| F|  |TAMS 0x00000000ec100000| PB 0x00000000ec100000| Untracked 
| 194|0x00000000ec200000, 0x00000000ec200000, 0x00000000ec300000|  0%| F|  |TAMS 0x00000000ec200000| PB 0x00000000ec200000| Untracked 
| 195|0x00000000ec300000, 0x00000000ec300000, 0x00000000ec400000|  0%| F|  |TAMS 0x00000000ec300000| PB 0x00000000ec300000| Untracked 
| 196|0x00000000ec400000, 0x00000000ec400000, 0x00000000ec500000|  0%| F|  |TAMS 0x00000000ec400000| PB 0x00000000ec400000| Untracked 
| 197|0x00000000ec500000, 0x00000000ec500000, 0x00000000ec600000|  0%| F|  |TAMS 0x00000000ec500000| PB 0x00000000ec500000| Untracked 
| 198|0x00000000ec600000, 0x00000000ec600000, 0x00000000ec700000|  0%| F|  |TAMS 0x00000000ec600000| PB 0x00000000ec600000| Untracked 
| 199|0x00000000ec700000, 0x00000000ec700000, 0x00000000ec800000|  0%| F|  |TAMS 0x00000000ec700000| PB 0x00000000ec700000| Untracked 
| 200|0x00000000ec800000, 0x00000000ec800000, 0x00000000ec900000|  0%| F|  |TAMS 0x00000000ec800000| PB 0x00000000ec800000| Untracked 
| 201|0x00000000ec900000, 0x00000000ec900000, 0x00000000eca00000|  0%| F|  |TAMS 0x00000000ec900000| PB 0x00000000ec900000| Untracked 
| 202|0x00000000eca00000, 0x00000000eca00000, 0x00000000ecb00000|  0%| F|  |TAMS 0x00000000eca00000| PB 0x00000000eca00000| Untracked 
| 203|0x00000000ecb00000, 0x00000000ecb00000, 0x00000000ecc00000|  0%| F|  |TAMS 0x00000000ecb00000| PB 0x00000000ecb00000| Untracked 
| 204|0x00000000ecc00000, 0x00000000ecc00000, 0x00000000ecd00000|  0%| F|  |TAMS 0x00000000ecc00000| PB 0x00000000ecc00000| Untracked 
| 205|0x00000000ecd00000, 0x00000000ecd00000, 0x00000000ece00000|  0%| F|  |TAMS 0x00000000ecd00000| PB 0x00000000ecd00000| Untracked 
| 206|0x00000000ece00000, 0x00000000ece00000, 0x00000000ecf00000|  0%| F|  |TAMS 0x00000000ece00000| PB 0x00000000ece00000| Untracked 
| 207|0x00000000ecf00000, 0x00000000ecf00000, 0x00000000ed000000|  0%| F|  |TAMS 0x00000000ecf00000| PB 0x00000000ecf00000| Untracked 
| 208|0x00000000ed000000, 0x00000000ed000000, 0x00000000ed100000|  0%| F|  |TAMS 0x00000000ed000000| PB 0x00000000ed000000| Untracked 
| 209|0x00000000ed100000, 0x00000000ed100000, 0x00000000ed200000|  0%| F|  |TAMS 0x00000000ed100000| PB 0x00000000ed100000| Untracked 
| 210|0x00000000ed200000, 0x00000000ed200000, 0x00000000ed300000|  0%| F|  |TAMS 0x00000000ed200000| PB 0x00000000ed200000| Untracked 
| 211|0x00000000ed300000, 0x00000000ed300000, 0x00000000ed400000|  0%| F|  |TAMS 0x00000000ed300000| PB 0x00000000ed300000| Untracked 
| 212|0x00000000ed400000, 0x00000000ed400000, 0x00000000ed500000|  0%| F|  |TAMS 0x00000000ed400000| PB 0x00000000ed400000| Untracked 
| 213|0x00000000ed500000, 0x00000000ed500000, 0x00000000ed600000|  0%| F|  |TAMS 0x00000000ed500000| PB 0x00000000ed500000| Untracked 
| 214|0x00000000ed600000, 0x00000000ed600000, 0x00000000ed700000|  0%| F|  |TAMS 0x00000000ed600000| PB 0x00000000ed600000| Untracked 
| 215|0x00000000ed700000, 0x00000000ed700000, 0x00000000ed800000|  0%| F|  |TAMS 0x00000000ed700000| PB 0x00000000ed700000| Untracked 
| 216|0x00000000ed800000, 0x00000000ed800000, 0x00000000ed900000|  0%| F|  |TAMS 0x00000000ed800000| PB 0x00000000ed800000| Untracked 
| 217|0x00000000ed900000, 0x00000000ed900000, 0x00000000eda00000|  0%| F|  |TAMS 0x00000000ed900000| PB 0x00000000ed900000| Untracked 
| 218|0x00000000eda00000, 0x00000000eda00000, 0x00000000edb00000|  0%| F|  |TAMS 0x00000000eda00000| PB 0x00000000eda00000| Untracked 
| 219|0x00000000edb00000, 0x00000000edb00000, 0x00000000edc00000|  0%| F|  |TAMS 0x00000000edb00000| PB 0x00000000edb00000| Untracked 
| 220|0x00000000edc00000, 0x00000000edc00000, 0x00000000edd00000|  0%| F|  |TAMS 0x00000000edc00000| PB 0x00000000edc00000| Untracked 
| 221|0x00000000edd00000, 0x00000000edd00000, 0x00000000ede00000|  0%| F|  |TAMS 0x00000000edd00000| PB 0x00000000edd00000| Untracked 
| 222|0x00000000ede00000, 0x00000000ede00000, 0x00000000edf00000|  0%| F|  |TAMS 0x00000000ede00000| PB 0x00000000ede00000| Untracked 
| 223|0x00000000edf00000, 0x00000000edf00000, 0x00000000ee000000|  0%| F|  |TAMS 0x00000000edf00000| PB 0x00000000edf00000| Untracked 
| 224|0x00000000ee000000, 0x00000000ee000000, 0x00000000ee100000|  0%| F|  |TAMS 0x00000000ee000000| PB 0x00000000ee000000| Untracked 
| 225|0x00000000ee100000, 0x00000000ee100000, 0x00000000ee200000|  0%| F|  |TAMS 0x00000000ee100000| PB 0x00000000ee100000| Untracked 
| 226|0x00000000ee200000, 0x00000000ee200000, 0x00000000ee300000|  0%| F|  |TAMS 0x00000000ee200000| PB 0x00000000ee200000| Untracked 
| 227|0x00000000ee300000, 0x00000000ee300000, 0x00000000ee400000|  0%| F|  |TAMS 0x00000000ee300000| PB 0x00000000ee300000| Untracked 
| 228|0x00000000ee400000, 0x00000000ee400000, 0x00000000ee500000|  0%| F|  |TAMS 0x00000000ee400000| PB 0x00000000ee400000| Untracked 
| 229|0x00000000ee500000, 0x00000000ee500000, 0x00000000ee600000|  0%| F|  |TAMS 0x00000000ee500000| PB 0x00000000ee500000| Untracked 
| 230|0x00000000ee600000, 0x00000000ee600000, 0x00000000ee700000|  0%| F|  |TAMS 0x00000000ee600000| PB 0x00000000ee600000| Untracked 
| 231|0x00000000ee700000, 0x00000000ee700000, 0x00000000ee800000|  0%| F|  |TAMS 0x00000000ee700000| PB 0x00000000ee700000| Untracked 
| 232|0x00000000ee800000, 0x00000000ee800000, 0x00000000ee900000|  0%| F|  |TAMS 0x00000000ee800000| PB 0x00000000ee800000| Untracked 
| 233|0x00000000ee900000, 0x00000000ee900000, 0x00000000eea00000|  0%| F|  |TAMS 0x00000000ee900000| PB 0x00000000ee900000| Untracked 
| 234|0x00000000eea00000, 0x00000000eea00000, 0x00000000eeb00000|  0%| F|  |TAMS 0x00000000eea00000| PB 0x00000000eea00000| Untracked 
| 235|0x00000000eeb00000, 0x00000000eeb00000, 0x00000000eec00000|  0%| F|  |TAMS 0x00000000eeb00000| PB 0x00000000eeb00000| Untracked 
| 236|0x00000000eec00000, 0x00000000eec82018, 0x00000000eed00000| 50%| E|  |TAMS 0x00000000eec00000| PB 0x00000000eec00000| Complete 
| 237|0x00000000eed00000, 0x00000000eee00000, 0x00000000eee00000|100%| E|CS|TAMS 0x00000000eed00000| PB 0x00000000eed00000| Complete 
| 238|0x00000000eee00000, 0x00000000eef00000, 0x00000000eef00000|100%| E|CS|TAMS 0x00000000eee00000| PB 0x00000000eee00000| Complete 
| 239|0x00000000eef00000, 0x00000000ef000000, 0x00000000ef000000|100%| E|CS|TAMS 0x00000000eef00000| PB 0x00000000eef00000| Complete 
| 240|0x00000000ef000000, 0x00000000ef100000, 0x00000000ef100000|100%| E|CS|TAMS 0x00000000ef000000| PB 0x00000000ef000000| Complete 
| 241|0x00000000ef100000, 0x00000000ef200000, 0x00000000ef200000|100%| E|CS|TAMS 0x00000000ef100000| PB 0x00000000ef100000| Complete 
| 242|0x00000000ef200000, 0x00000000ef300000, 0x00000000ef300000|100%| E|CS|TAMS 0x00000000ef200000| PB 0x00000000ef200000| Complete 
| 243|0x00000000ef300000, 0x00000000ef400000, 0x00000000ef400000|100%| E|CS|TAMS 0x00000000ef300000| PB 0x00000000ef300000| Complete 
| 244|0x00000000ef400000, 0x00000000ef500000, 0x00000000ef500000|100%| E|CS|TAMS 0x00000000ef400000| PB 0x00000000ef400000| Complete 
| 245|0x00000000ef500000, 0x00000000ef600000, 0x00000000ef600000|100%| E|CS|TAMS 0x00000000ef500000| PB 0x00000000ef500000| Complete 
| 246|0x00000000ef600000, 0x00000000ef700000, 0x00000000ef700000|100%| E|CS|TAMS 0x00000000ef600000| PB 0x00000000ef600000| Complete 
| 247|0x00000000ef700000, 0x00000000ef800000, 0x00000000ef800000|100%| E|CS|TAMS 0x00000000ef700000| PB 0x00000000ef700000| Complete 
| 248|0x00000000ef800000, 0x00000000ef900000, 0x00000000ef900000|100%| E|CS|TAMS 0x00000000ef800000| PB 0x00000000ef800000| Complete 
| 249|0x00000000ef900000, 0x00000000efa00000, 0x00000000efa00000|100%| E|CS|TAMS 0x00000000ef900000| PB 0x00000000ef900000| Complete 
| 250|0x00000000efa00000, 0x00000000efb00000, 0x00000000efb00000|100%| E|CS|TAMS 0x00000000efa00000| PB 0x00000000efa00000| Complete 
| 251|0x00000000efb00000, 0x00000000efc00000, 0x00000000efc00000|100%| E|CS|TAMS 0x00000000efb00000| PB 0x00000000efb00000| Complete 
| 252|0x00000000efc00000, 0x00000000efd00000, 0x00000000efd00000|100%| E|CS|TAMS 0x00000000efc00000| PB 0x00000000efc00000| Complete 
| 253|0x00000000efd00000, 0x00000000efe00000, 0x00000000efe00000|100%| E|CS|TAMS 0x00000000efd00000| PB 0x00000000efd00000| Complete 
| 254|0x00000000efe00000, 0x00000000eff00000, 0x00000000eff00000|100%| E|CS|TAMS 0x00000000efe00000| PB 0x00000000efe00000| Complete 
| 255|0x00000000eff00000, 0x00000000f0000000, 0x00000000f0000000|100%| E|CS|TAMS 0x00000000eff00000| PB 0x00000000eff00000| Complete 

Card table byte_map: [0x000001bbf5ca0000,0x000001bbf5da0000] _byte_map_base: 0x000001bbf55a0000

Marking Bits: (CMBitMap*) 0x000001bbde40b7e0
 Bits: [0x000001bbf5da0000, 0x000001bbf65a0000)

Polling page: 0x000001bbddba0000

Metaspace:

Usage:
  Non-class:     57.09 MB used.
      Class:      9.12 MB used.
       Both:     66.21 MB used.

Virtual space:
  Non-class space:       64.00 MB reserved,      58.06 MB ( 91%) committed,  1 nodes.
      Class space:      320.00 MB reserved,      10.12 MB (  3%) committed,  1 nodes.
             Both:      384.00 MB reserved,      68.19 MB ( 18%) committed. 

Chunk freelists:
   Non-Class:  5.13 MB
       Class:  5.92 MB
        Both:  11.05 MB

MaxMetaspaceSize: 384.00 MB
CompressedClassSpaceSize: 320.00 MB
Initial GC threshold: 21.00 MB
Current GC threshold: 98.06 MB
CDS: on
 - commit_granule_bytes: 65536.
 - commit_granule_words: 8192.
 - virtual_space_node_default_size: 8388608.
 - enlarge_chunks_in_place: 1.
 - use_allocation_guard: 0.


Internal statistics:

num_allocs_failed_limit: 9.
num_arena_births: 3592.
num_arena_deaths: 0.
num_vsnodes_births: 2.
num_vsnodes_deaths: 0.
num_space_committed: 1091.
num_space_uncommitted: 0.
num_chunks_returned_to_freelist: 9.
num_chunks_taken_from_freelist: 6672.
num_chunk_merges: 9.
num_chunk_splits: 4230.
num_chunks_enlarged: 2495.
num_inconsistent_stats: 0.

CodeHeap 'non-profiled nmethods': size=120000Kb used=5584Kb max_used=5584Kb free=114415Kb
 bounds [0x000001bbee330000, 0x000001bbee8b0000, 0x000001bbf5860000]
CodeHeap 'profiled nmethods': size=120000Kb used=16878Kb max_used=16878Kb free=103121Kb
 bounds [0x000001bbe6860000, 0x000001bbe78e0000, 0x000001bbedd90000]
CodeHeap 'non-nmethods': size=5760Kb used=2833Kb max_used=2921Kb free=2926Kb
 bounds [0x000001bbedd90000, 0x000001bbee090000, 0x000001bbee330000]
 total_blobs=9344 nmethods=8406 adapters=842
 compilation: enabled
              stopped_count=0, restarted_count=0
 full_count=0

Compilation events (20 events):
Event: 45.250 Thread 0x000001bbf9018ab0 nmethod 9129 0x000001bbee8a2410 code [0x000001bbee8a25a0, 0x000001bbee8a2668]
Event: 45.254 Thread 0x000001bbf9018ab0 9130       1       org.gradle.api.internal.project.DefaultProjectStateRegistry::access$300 (5 bytes)
Event: 45.254 Thread 0x000001bbf9018ab0 nmethod 9130 0x000001bbee8a2710 code [0x000001bbee8a28a0, 0x000001bbee8a2950]
Event: 45.254 Thread 0x000001bbf9018ab0 9131       3       org.gradle.internal.resources.AbstractResourceLockRegistry::detailsForCurrentThread (54 bytes)
Event: 45.255 Thread 0x000001bbf9018ab0 nmethod 9131 0x000001bbe78cbb90 code [0x000001bbe78cbde0, 0x000001bbe78cc7a0]
Event: 45.255 Thread 0x000001bbf9018ab0 9132       3       org.gradle.api.internal.DefaultDomainObjectCollection$IteratorImpl::next (18 bytes)
Event: 45.256 Thread 0x000001bbf9018ab0 nmethod 9132 0x000001bbe78ccb10 code [0x000001bbe78cccc0, 0x000001bbe78ccef0]
Event: 45.284 Thread 0x000001bbf9018ab0 9133       1       org.gradle.StartParameter::isOffline (5 bytes)
Event: 45.284 Thread 0x000001bbf9018ab0 nmethod 9133 0x000001bbee8a2a10 code [0x000001bbee8a2ba0, 0x000001bbee8a2c70]
Event: 45.284 Thread 0x000001bbf9018ab0 9135       3       org.gradle.api.internal.artifacts.ivyservice.ivyresolve.ErrorHandlingModuleComponentRepository::getName (10 bytes)
Event: 45.284 Thread 0x000001bbf9018ab0 nmethod 9135 0x000001bbe78cd010 code [0x000001bbe78cd1c0, 0x000001bbe78cd398]
Event: 45.284 Thread 0x000001bbf9018ab0 9136       3       org.gradle.api.internal.artifacts.ivyservice.ivyresolve.BaseModuleComponentRepository::getName (10 bytes)
Event: 45.284 Thread 0x000001bbf9018ab0 nmethod 9136 0x000001bbe78cd490 code [0x000001bbe78cd640, 0x000001bbe78cd818]
Event: 45.284 Thread 0x000001bbf9018ab0 9137       1       org.gradle.api.internal.provider.AbstractMinimalProvider::getDeclaredDisplayName (2 bytes)
Event: 45.285 Thread 0x000001bbf9018ab0 nmethod 9137 0x000001bbee8a2d10 code [0x000001bbee8a2ea0, 0x000001bbee8a2f70]
Event: 45.285 Thread 0x000001bbf9018ab0 9138       1       org.gradle.internal.component.local.model.DefaultLocalVariantGraphResolveMetadata::getAttributes (5 bytes)
Event: 45.285 Thread 0x000001bbf9018ab0 nmethod 9138 0x000001bbee8a3010 code [0x000001bbee8a31a0, 0x000001bbee8a3268]
Event: 45.287 Thread 0x000001bbf9018ab0 9139       3       org.gradle.api.internal.artifacts.ivyservice.resolveengine.graph.builder.NodeState::getOwner (5 bytes)
Event: 45.287 Thread 0x000001bbf9018ab0 nmethod 9139 0x000001bbe78cd910 code [0x000001bbe78cdaa0, 0x000001bbe78cdc48]
Event: 45.291 Thread 0x000001bbf9018ab0 9140       3       io.spring.gradle.dependencymanagement.org.codehaus.plexus.util.xml.pull.MXParser::nextImpl (1207 bytes)

GC Heap History (14 events):
Event: 1.036 GC heap before
{Heap before GC invocations=0 (full 0):
 garbage-first heap   total 262144K, used 23552K [0x00000000e0000000, 0x0000000100000000)
  region size 1024K, 23 young (23552K), 0 survivors (0K)
 Metaspace       used 884K, committed 1024K, reserved 393216K
  class space    used 68K, committed 128K, reserved 327680K
}
Event: 1.050 GC heap after
{Heap after GC invocations=1 (full 0):
 garbage-first heap   total 262144K, used 1450K [0x00000000e0000000, 0x0000000100000000)
  region size 1024K, 2 young (2048K), 2 survivors (2048K)
 Metaspace       used 884K, committed 1024K, reserved 393216K
  class space    used 68K, committed 128K, reserved 327680K
}
Event: 2.101 GC heap before
{Heap before GC invocations=1 (full 0):
 garbage-first heap   total 262144K, used 40362K [0x00000000e0000000, 0x0000000100000000)
  region size 1024K, 38 young (38912K), 2 survivors (2048K)
 Metaspace       used 4392K, committed 4608K, reserved 393216K
  class space    used 540K, committed 640K, reserved 327680K
}
Event: 2.108 GC heap after
{Heap after GC invocations=2 (full 0):
 garbage-first heap   total 262144K, used 10855K [0x00000000e0000000, 0x0000000100000000)
  region size 1024K, 5 young (5120K), 5 survivors (5120K)
 Metaspace       used 4392K, committed 4608K, reserved 393216K
  class space    used 540K, committed 640K, reserved 327680K
}
Event: 8.010 GC heap before
{Heap before GC invocations=2 (full 0):
 garbage-first heap   total 262144K, used 155239K [0x00000000e0000000, 0x0000000100000000)
  region size 1024K, 145 young (148480K), 5 survivors (5120K)
 Metaspace       used 20826K, committed 21504K, reserved 393216K
  class space    used 2999K, committed 3328K, reserved 327680K
}
Event: 8.037 GC heap after
{Heap after GC invocations=3 (full 0):
 garbage-first heap   total 262144K, used 23823K [0x00000000e0000000, 0x0000000100000000)
  region size 1024K, 17 young (17408K), 17 survivors (17408K)
 Metaspace       used 20826K, committed 21504K, reserved 393216K
  class space    used 2999K, committed 3328K, reserved 327680K
}
Event: 13.276 GC heap before
{Heap before GC invocations=4 (full 0):
 garbage-first heap   total 262144K, used 132367K [0x00000000e0000000, 0x0000000100000000)
  region size 1024K, 120 young (122880K), 17 survivors (17408K)
 Metaspace       used 34927K, committed 35968K, reserved 393216K
  class space    used 4794K, committed 5312K, reserved 327680K
}
Event: 13.301 GC heap after
{Heap after GC invocations=5 (full 0):
 garbage-first heap   total 262144K, used 32478K [0x00000000e0000000, 0x0000000100000000)
  region size 1024K, 9 young (9216K), 9 survivors (9216K)
 Metaspace       used 34927K, committed 35968K, reserved 393216K
  class space    used 4794K, committed 5312K, reserved 327680K
}
Event: 23.220 GC heap before
{Heap before GC invocations=6 (full 0):
 garbage-first heap   total 262144K, used 180958K [0x00000000e0000000, 0x0000000100000000)
  region size 1024K, 153 young (156672K), 9 survivors (9216K)
 Metaspace       used 55255K, committed 56960K, reserved 393216K
  class space    used 7582K, committed 8384K, reserved 327680K
}
Event: 23.249 GC heap after
{Heap after GC invocations=7 (full 0):
 garbage-first heap   total 262144K, used 42596K [0x00000000e0000000, 0x0000000100000000)
  region size 1024K, 19 young (19456K), 19 survivors (19456K)
 Metaspace       used 55255K, committed 56960K, reserved 393216K
  class space    used 7582K, committed 8384K, reserved 327680K
}
Event: 26.096 GC heap before
{Heap before GC invocations=7 (full 0):
 garbage-first heap   total 262144K, used 66148K [0x00000000e0000000, 0x0000000100000000)
  region size 1024K, 43 young (44032K), 19 survivors (19456K)
 Metaspace       used 58427K, committed 60160K, reserved 393216K
  class space    used 8048K, committed 8896K, reserved 327680K
}
Event: 26.120 GC heap after
{Heap after GC invocations=8 (full 0):
 garbage-first heap   total 262144K, used 45056K [0x00000000e0000000, 0x0000000100000000)
  region size 1024K, 3 young (3072K), 3 survivors (3072K)
 Metaspace       used 58427K, committed 60160K, reserved 393216K
  class space    used 8048K, committed 8896K, reserved 327680K
}
Event: 43.230 GC heap before
{Heap before GC invocations=9 (full 0):
 garbage-first heap   total 262144K, used 198656K [0x00000000e0000000, 0x0000000100000000)
  region size 1024K, 153 young (156672K), 3 survivors (3072K)
 Metaspace       used 66253K, committed 68224K, reserved 393216K
  class space    used 9206K, committed 10176K, reserved 327680K
}
Event: 43.318 GC heap after
{Heap after GC invocations=10 (full 0):
 garbage-first heap   total 262144K, used 55296K [0x00000000e0000000, 0x0000000100000000)
  region size 1024K, 13 young (13312K), 13 survivors (13312K)
 Metaspace       used 66253K, committed 68224K, reserved 393216K
  class space    used 9206K, committed 10176K, reserved 327680K
}

Dll operation events (15 events):
Event: 0.032 Loaded shared library C:\Program Files\Java\jdk-21\bin\java.dll
Event: 0.129 Loaded shared library C:\Program Files\Java\jdk-21\bin\jsvml.dll
Event: 0.225 Loaded shared library C:\Program Files\Java\jdk-21\bin\zip.dll
Event: 0.244 Loaded shared library C:\Program Files\Java\jdk-21\bin\instrument.dll
Event: 0.257 Loaded shared library C:\Program Files\Java\jdk-21\bin\net.dll
Event: 0.261 Loaded shared library C:\Program Files\Java\jdk-21\bin\nio.dll
Event: 0.269 Loaded shared library C:\Program Files\Java\jdk-21\bin\zip.dll
Event: 1.056 Loaded shared library C:\Program Files\Java\jdk-21\bin\jimage.dll
Event: 1.298 Loaded shared library C:\Program Files\Java\jdk-21\bin\verify.dll
Event: 1.456 Loaded shared library C:\Users\ELITEBOOK 840 G5\.gradle\native\1def1411415f61bf3af743bc5b6707747c0891f09f0c88961ee8f79bc544acac\windows-amd64\native-platform.dll
Event: 1.482 Loaded shared library C:\Users\ELITEBOOK 840 G5\.gradle\native\0.2.7\x86_64-windows-gnu\gradle-fileevents.dll
Event: 3.166 Loaded shared library C:\Program Files\Java\jdk-21\bin\management.dll
Event: 3.171 Loaded shared library C:\Program Files\Java\jdk-21\bin\management_ext.dll
Event: 3.396 Loaded shared library C:\Program Files\Java\jdk-21\bin\extnet.dll
Event: 3.740 Loaded shared library C:\Program Files\Java\jdk-21\bin\sunmscapi.dll

Deoptimization events (20 events):
Event: 45.182 Thread 0x000001bbfef5d4a0 Uncommon trap: trap_request=0xffffffd6 fr.pc=0x000001bbee89d864 relative=0x0000000000000384
Event: 45.182 Thread 0x000001bbfef5d4a0 Uncommon trap: reason=array_check action=maybe_recompile pc=0x000001bbee89d864 method=com.google.common.collect.ImmutableMap$Builder.put(Ljava/lang/Object;Ljava/lang/Object;)Lcom/google/common/collect/ImmutableMap$Builder; @ 32 c2
Event: 45.182 Thread 0x000001bbfef5d4a0 DEOPT PACKING pc=0x000001bbee89d864 sp=0x0000005811ef6580
Event: 45.182 Thread 0x000001bbfef5d4a0 DEOPT UNPACKING pc=0x000001bbedde46a2 sp=0x0000005811ef6548 mode 2
Event: 45.182 Thread 0x000001bbfef5d4a0 Uncommon trap: trap_request=0xffffffd6 fr.pc=0x000001bbee89d864 relative=0x0000000000000384
Event: 45.182 Thread 0x000001bbfef5d4a0 Uncommon trap: reason=array_check action=maybe_recompile pc=0x000001bbee89d864 method=com.google.common.collect.ImmutableMap$Builder.put(Ljava/lang/Object;Ljava/lang/Object;)Lcom/google/common/collect/ImmutableMap$Builder; @ 32 c2
Event: 45.182 Thread 0x000001bbfef5d4a0 DEOPT PACKING pc=0x000001bbee89d864 sp=0x0000005811ef6580
Event: 45.182 Thread 0x000001bbfef5d4a0 DEOPT UNPACKING pc=0x000001bbedde46a2 sp=0x0000005811ef6548 mode 2
Event: 45.182 Thread 0x000001bbfef5d4a0 Uncommon trap: trap_request=0xffffffd6 fr.pc=0x000001bbee89d864 relative=0x0000000000000384
Event: 45.182 Thread 0x000001bbfef5d4a0 Uncommon trap: reason=array_check action=maybe_recompile pc=0x000001bbee89d864 method=com.google.common.collect.ImmutableMap$Builder.put(Ljava/lang/Object;Ljava/lang/Object;)Lcom/google/common/collect/ImmutableMap$Builder; @ 32 c2
Event: 45.182 Thread 0x000001bbfef5d4a0 DEOPT PACKING pc=0x000001bbee89d864 sp=0x0000005811ef6580
Event: 45.182 Thread 0x000001bbfef5d4a0 DEOPT UNPACKING pc=0x000001bbedde46a2 sp=0x0000005811ef6548 mode 2
Event: 45.182 Thread 0x000001bbfef5d4a0 Uncommon trap: trap_request=0xffffffd6 fr.pc=0x000001bbee89d864 relative=0x0000000000000384
Event: 45.182 Thread 0x000001bbfef5d4a0 Uncommon trap: reason=array_check action=maybe_recompile pc=0x000001bbee89d864 method=com.google.common.collect.ImmutableMap$Builder.put(Ljava/lang/Object;Ljava/lang/Object;)Lcom/google/common/collect/ImmutableMap$Builder; @ 32 c2
Event: 45.182 Thread 0x000001bbfef5d4a0 DEOPT PACKING pc=0x000001bbee89d864 sp=0x0000005811ef6580
Event: 45.182 Thread 0x000001bbfef5d4a0 DEOPT UNPACKING pc=0x000001bbedde46a2 sp=0x0000005811ef6548 mode 2
Event: 45.290 Thread 0x000001bbfef5d4a0 Uncommon trap: trap_request=0xffffff45 fr.pc=0x000001bbee897634 relative=0x0000000000000954
Event: 45.290 Thread 0x000001bbfef5d4a0 Uncommon trap: reason=unstable_if action=reinterpret pc=0x000001bbee897634 method=io.spring.gradle.dependencymanagement.org.codehaus.plexus.util.xml.pull.MXParser.nextImpl()I @ 67 c2
Event: 45.290 Thread 0x000001bbfef5d4a0 DEOPT PACKING pc=0x000001bbee897634 sp=0x0000005811ef6c20
Event: 45.290 Thread 0x000001bbfef5d4a0 DEOPT UNPACKING pc=0x000001bbedde46a2 sp=0x0000005811ef6b98 mode 2

Classes loaded (20 events):
Event: 32.629 Loading class java/util/stream/ReferencePipeline$15$1
Event: 32.630 Loading class java/util/stream/ReferencePipeline$15$1 done
Event: 32.716 Loading class java/lang/ProcessImpl
Event: 32.717 Loading class java/lang/ProcessImpl done
Event: 32.737 Loading class java/lang/ProcessHandleImpl
Event: 32.738 Loading class java/lang/ProcessHandleImpl done
Event: 32.741 Loading class java/lang/ProcessImpl$2
Event: 32.741 Loading class java/lang/ProcessImpl$2 done
Event: 32.741 Loading class java/lang/Process$PipeInputStream
Event: 32.742 Loading class java/lang/Process$PipeInputStream done
Event: 32.742 Loading class jdk/internal/event/ProcessStartEvent
Event: 32.742 Loading class jdk/internal/event/ProcessStartEvent done
Event: 33.458 Loading class java/util/stream/ReduceOps$2
Event: 33.458 Loading class java/util/stream/ReduceOps$2 done
Event: 33.458 Loading class java/util/stream/ReduceOps$2ReducingSink
Event: 33.458 Loading class java/util/stream/ReduceOps$2ReducingSink done
Event: 43.659 Loading class java/io/FileReader
Event: 43.660 Loading class java/io/FileReader done
Event: 43.667 Loading class java/text/MessageFormat
Event: 43.671 Loading class java/text/MessageFormat done

Classes unloaded (0 events):
No events

Classes redefined (0 events):
No events

Internal exceptions (20 events):
Event: 32.612 Thread 0x000001bbfef5d4a0 Exception <a 'java/lang/NoSuchMethodError'{0x00000000e967f1d0}: 'java.lang.Object java.lang.invoke.DirectMethodHandle$Holder.newInvokeSpecial(java.lang.Object, java.lang.Object, java.lang.Object, java.lang.Object, java.lang.Object, java.lang.Object, int)'> (0x00000000e967f1d0) 
thrown [s\open\src\hotspot\share\interpreter\linkResolver.cpp, line 773]
Event: 32.612 Thread 0x000001bbfef5d4a0 Exception <a 'java/lang/NoSuchMethodError'{0x00000000e9684488}: 'java.lang.Object java.lang.invoke.DirectMethodHandle$Holder.invokeSpecial(java.lang.Object, java.lang.Object, java.lang.Object, java.lang.Object, java.lang.Object, java.lang.Object, java.lang.Object, int)'> (0x00000000e9684488) 
thrown [s\open\src\hotspot\share\interpreter\linkResolver.cpp, line 773]
Event: 32.613 Thread 0x000001bbfef5d4a0 Exception <a 'java/lang/NoSuchMethodError'{0x00000000e9688d90}: 'java.lang.Object java.lang.invoke.Invokers$Holder.linkToTargetMethod(java.lang.Object, java.lang.Object, java.lang.Object, java.lang.Object, java.lang.Object, int, java.lang.Object)'> (0x00000000e9688d90) 
thrown [s\open\src\hotspot\share\interpreter\linkResolver.cpp, line 773]
Event: 32.737 Thread 0x000001bb9908ab40 Exception <a 'java/lang/NoSuchMethodError'{0x00000000e920ef98}: 'void java.lang.invoke.DirectMethodHandle$Holder.invokeStatic(java.lang.Object, long)'> (0x00000000e920ef98) 
thrown [s\open\src\hotspot\share\interpreter\linkResolver.cpp, line 773]
Event: 32.739 Thread 0x000001bb9908ab40 Exception <a 'java/lang/NoSuchMethodError'{0x00000000e9219390}: 'java.lang.Object java.lang.invoke.DirectMethodHandle$Holder.invokeStaticInit(java.lang.Object, long, java.lang.Object)'> (0x00000000e9219390) 
thrown [s\open\src\hotspot\share\interpreter\linkResolver.cpp, line 773]
Event: 44.295 Thread 0x000001bbfef5d4a0 Exception <a 'java/lang/ClassNotFoundException'{0x00000000ef32e970}: org/gradle/plugin/software/internal/SoftwareFeaturesDynamicObject_DecoratedBeanInfo> (0x00000000ef32e970) 
thrown [s\open\src\hotspot\share\classfile\systemDictionary.cpp, line 312]
Event: 44.297 Thread 0x000001bbfef5d4a0 Exception <a 'java/lang/ClassNotFoundException'{0x00000000ef33c4f0}: org/gradle/plugin/software/internal/SoftwareFeaturesDynamicObjectBeanInfo> (0x00000000ef33c4f0) 
thrown [s\open\src\hotspot\share\classfile\systemDictionary.cpp, line 312]
Event: 44.298 Thread 0x000001bbfef5d4a0 Exception <a 'java/lang/ClassNotFoundException'{0x00000000ef349d38}: org/gradle/internal/metaobject/AbstractDynamicObjectBeanInfo> (0x00000000ef349d38) 
thrown [s\open\src\hotspot\share\classfile\systemDictionary.cpp, line 312]
Event: 44.299 Thread 0x000001bbfef5d4a0 Exception <a 'java/lang/ClassNotFoundException'{0x00000000ef357578}: org/gradle/internal/metaobject/AbstractDynamicObjectCustomizer> (0x00000000ef357578) 
thrown [s\open\src\hotspot\share\classfile\systemDictionary.cpp, line 312]
Event: 44.311 Thread 0x000001bbfef5d4a0 Exception <a 'java/lang/ClassNotFoundException'{0x00000000ef3714e0}: org/gradle/plugin/software/internal/SoftwareFeaturesDynamicObjectCustomizer> (0x00000000ef3714e0) 
thrown [s\open\src\hotspot\share\classfile\systemDictionary.cpp, line 312]
Event: 44.313 Thread 0x000001bbfef5d4a0 Exception <a 'java/lang/ClassNotFoundException'{0x00000000ef386870}: org/gradle/plugin/software/internal/SoftwareFeaturesDynamicObject_DecoratedCustomizer> (0x00000000ef386870) 
thrown [s\open\src\hotspot\share\classfile\systemDictionary.cpp, line 312]
Event: 44.321 Thread 0x000001bbfef5d4a0 Exception <a 'java/lang/ClassNotFoundException'{0x00000000ef3ca908}: org/gradle/api/internal/plugins/NaggingBasePluginConventionBeanInfo> (0x00000000ef3ca908) 
thrown [s\open\src\hotspot\share\classfile\systemDictionary.cpp, line 312]
Event: 44.322 Thread 0x000001bbfef5d4a0 Exception <a 'java/lang/ClassNotFoundException'{0x00000000ef3da578}: org/gradle/api/plugins/BasePluginConventionBeanInfo> (0x00000000ef3da578) 
thrown [s\open\src\hotspot\share\classfile\systemDictionary.cpp, line 312]
Event: 44.324 Thread 0x000001bbfef5d4a0 Exception <a 'java/lang/ClassNotFoundException'{0x00000000ef3ea1b0}: org/gradle/api/plugins/BasePluginConventionCustomizer> (0x00000000ef3ea1b0) 
thrown [s\open\src\hotspot\share\classfile\systemDictionary.cpp, line 312]
Event: 44.326 Thread 0x000001bbfef5d4a0 Exception <a 'java/lang/ClassNotFoundException'{0x00000000ef206550}: org/gradle/api/internal/plugins/NaggingBasePluginConventionCustomizer> (0x00000000ef206550) 
thrown [s\open\src\hotspot\share\classfile\systemDictionary.cpp, line 312]
Event: 44.334 Thread 0x000001bbfef5d4a0 Exception <a 'java/lang/ClassNotFoundException'{0x00000000ef246c98}: org/gradle/api/plugins/internal/NaggingJavaPluginConventionBeanInfo> (0x00000000ef246c98) 
thrown [s\open\src\hotspot\share\classfile\systemDictionary.cpp, line 312]
Event: 44.336 Thread 0x000001bbfef5d4a0 Exception <a 'java/lang/ClassNotFoundException'{0x00000000ef256908}: org/gradle/api/plugins/JavaPluginConventionBeanInfo> (0x00000000ef256908) 
thrown [s\open\src\hotspot\share\classfile\systemDictionary.cpp, line 312]
Event: 44.338 Thread 0x000001bbfef5d4a0 Exception <a 'java/lang/ClassNotFoundException'{0x00000000ef266540}: org/gradle/api/plugins/JavaPluginConventionCustomizer> (0x00000000ef266540) 
thrown [s\open\src\hotspot\share\classfile\systemDictionary.cpp, line 312]
Event: 44.341 Thread 0x000001bbfef5d4a0 Exception <a 'java/lang/ClassNotFoundException'{0x00000000ef28c058}: org/gradle/api/plugins/internal/NaggingJavaPluginConventionCustomizer> (0x00000000ef28c058) 
thrown [s\open\src\hotspot\share\classfile\systemDictionary.cpp, line 312]
Event: 44.366 Thread 0x000001bbfef5d4a0 Exception <a 'java/lang/NoSuchMethodError'{0x00000000ef15d1c0}: 'void java.lang.invoke.Invokers$Holder.invokeExact_MT(java.lang.Object, java.lang.Object, java.lang.Object, java.lang.Object)'> (0x00000000ef15d1c0) 
thrown [s\open\src\hotspot\share\interpreter\linkResolver.cpp, line 773]

ZGC Phase Switch (0 events):
No events

VM Operations (20 events):
Event: 37.202 Executing VM operation: Cleanup
Event: 37.292 Executing VM operation: Cleanup done
Event: 38.408 Executing VM operation: Cleanup
Event: 38.408 Executing VM operation: Cleanup done
Event: 39.457 Executing VM operation: Cleanup
Event: 39.457 Executing VM operation: Cleanup done
Event: 40.478 Executing VM operation: Cleanup
Event: 40.478 Executing VM operation: Cleanup done
Event: 41.503 Executing VM operation: Cleanup
Event: 41.503 Executing VM operation: Cleanup done
Event: 42.527 Executing VM operation: Cleanup
Event: 42.527 Executing VM operation: Cleanup done
Event: 43.230 Executing VM operation: G1CollectForAllocation (G1 Evacuation Pause)
Event: 43.318 Executing VM operation: G1CollectForAllocation (G1 Evacuation Pause) done
Event: 43.662 Executing VM operation: HandshakeAllThreads (Deoptimize)
Event: 43.663 Executing VM operation: HandshakeAllThreads (Deoptimize) done
Event: 44.669 Executing VM operation: Cleanup
Event: 44.670 Executing VM operation: Cleanup done
Event: 44.982 Executing VM operation: HandshakeAllThreads (Deoptimize)
Event: 44.983 Executing VM operation: HandshakeAllThreads (Deoptimize) done

Events (20 events):
Event: 32.631 Thread 0x000001bb9908cc10 Thread added: 0x000001bb9908cc10
Event: 32.633 Thread 0x000001bb9908bef0 Thread added: 0x000001bb9908bef0
Event: 32.634 Thread 0x000001bb9908a4b0 Thread added: 0x000001bb9908a4b0
Event: 32.711 Thread 0x000001bb9908ab40 Thread added: 0x000001bb9908ab40
Event: 32.744 Thread 0x000001bb9908b1d0 Thread added: 0x000001bb9908b1d0
Event: 32.745 Thread 0x000001bb9908c580 Thread added: 0x000001bb9908c580
Event: 33.234 Thread 0x000001bb953fdc70 Thread exited: 0x000001bb953fdc70
Event: 33.235 Thread 0x000001bb953fa5f0 Thread exited: 0x000001bb953fa5f0
Event: 33.535 Thread 0x000001bb99250f60 Thread added: 0x000001bb99250f60
Event: 33.535 Thread 0x000001bb99253840 Thread added: 0x000001bb99253840
Event: 33.843 Thread 0x000001bb99253840 Thread exited: 0x000001bb99253840
Event: 34.327 Thread 0x000001bb99250890 Thread added: 0x000001bb99250890
Event: 35.385 Thread 0x000001bb99250890 Thread exited: 0x000001bb99250890
Event: 35.446 Thread 0x000001bb99253f10 Thread added: 0x000001bb99253f10
Event: 35.770 Thread 0x000001bb99253f10 Thread exited: 0x000001bb99253f10
Event: 37.005 Thread 0x000001bb99250f60 Thread exited: 0x000001bb99250f60
Event: 42.817 Thread 0x000001bb99252aa0 Thread added: 0x000001bb99252aa0
Event: 43.025 Thread 0x000001bb99252aa0 Thread exited: 0x000001bb99252aa0
Event: 44.380 Thread 0x000001bb99253f10 Thread added: 0x000001bb99253f10
Event: 44.950 Thread 0x000001bb99253f10 Thread exited: 0x000001bb99253f10


Dynamic libraries:
0x00007ff775a10000 - 0x00007ff775a20000 	C:\Program Files\Java\jdk-21\bin\java.exe
0x00007ffa747d0000 - 0x00007ffa749e7000 	C:\WINDOWS\SYSTEM32\ntdll.dll
0x00007ffa72d30000 - 0x00007ffa72df4000 	C:\WINDOWS\System32\KERNEL32.DLL
0x00007ffa71e80000 - 0x00007ffa72237000 	C:\WINDOWS\System32\KERNELBASE.dll
0x00007ffa71cf0000 - 0x00007ffa71e01000 	C:\WINDOWS\System32\ucrtbase.dll
0x00007ffa55750000 - 0x00007ffa5576b000 	C:\Program Files\Java\jdk-21\bin\VCRUNTIME140.dll
0x00007ffa55770000 - 0x00007ffa55789000 	C:\Program Files\Java\jdk-21\bin\jli.dll
0x00007ffa72ee0000 - 0x00007ffa72f92000 	C:\WINDOWS\System32\ADVAPI32.dll
0x00007ffa73f20000 - 0x00007ffa73fc7000 	C:\WINDOWS\System32\msvcrt.dll
0x00007ffa72830000 - 0x00007ffa728d8000 	C:\WINDOWS\System32\sechost.dll
0x00007ffa71ae0000 - 0x00007ffa71b08000 	C:\WINDOWS\System32\bcrypt.dll
0x00007ffa72970000 - 0x00007ffa72a84000 	C:\WINDOWS\System32\RPCRT4.dll
0x00007ffa73fd0000 - 0x00007ffa7417f000 	C:\WINDOWS\System32\USER32.dll
0x00007ffa53dd0000 - 0x00007ffa54063000 	C:\WINDOWS\WinSxS\amd64_microsoft.windows.common-controls_6595b64144ccf1df_6.0.22621.3672_none_2713b9d173822955\COMCTL32.dll
0x00007ffa722e0000 - 0x00007ffa72306000 	C:\WINDOWS\System32\win32u.dll
0x00007ffa74600000 - 0x00007ffa74629000 	C:\WINDOWS\System32\GDI32.dll
0x00007ffa71bd0000 - 0x00007ffa71ce8000 	C:\WINDOWS\System32\gdi32full.dll
0x00007ffa72240000 - 0x00007ffa722da000 	C:\WINDOWS\System32\msvcp_win.dll
0x00007ffa6e3b0000 - 0x00007ffa6e3ba000 	C:\WINDOWS\SYSTEM32\VERSION.dll
0x00007ffa72a90000 - 0x00007ffa72ac1000 	C:\WINDOWS\System32\IMM32.DLL
0x00007ffa55740000 - 0x00007ffa5574c000 	C:\Program Files\Java\jdk-21\bin\vcruntime140_1.dll
0x00007ffa3cfe0000 - 0x00007ffa3d06e000 	C:\Program Files\Java\jdk-21\bin\msvcp140.dll
0x00007ffa39800000 - 0x00007ffa3a51a000 	C:\Program Files\Java\jdk-21\bin\server\jvm.dll
0x00007ffa72ad0000 - 0x00007ffa72b41000 	C:\WINDOWS\System32\WS2_32.dll
0x00007ffa70950000 - 0x00007ffa7099d000 	C:\WINDOWS\SYSTEM32\POWRPROF.dll
0x00007ffa6b550000 - 0x00007ffa6b584000 	C:\WINDOWS\SYSTEM32\WINMM.dll
0x00007ffa70930000 - 0x00007ffa70943000 	C:\WINDOWS\SYSTEM32\UMPDC.dll
0x00007ffa70be0000 - 0x00007ffa70bf8000 	C:\WINDOWS\SYSTEM32\kernel.appcore.dll
0x00007ffa55670000 - 0x00007ffa5567a000 	C:\Program Files\Java\jdk-21\bin\jimage.dll
0x00007ffa6ef00000 - 0x00007ffa6f132000 	C:\WINDOWS\SYSTEM32\DBGHELP.DLL
0x00007ffa74180000 - 0x00007ffa7450e000 	C:\WINDOWS\System32\combase.dll
0x00007ffa72e00000 - 0x00007ffa72ed7000 	C:\WINDOWS\System32\OLEAUT32.dll
0x00007ffa52b80000 - 0x00007ffa52bb2000 	C:\WINDOWS\SYSTEM32\dbgcore.DLL
0x00007ffa72480000 - 0x00007ffa724fb000 	C:\WINDOWS\System32\bcryptPrimitives.dll
0x00007ffa6c390000 - 0x00007ffa6c39f000 	C:\Program Files\Java\jdk-21\bin\instrument.dll
0x00007ffa4d2a0000 - 0x00007ffa4d2bf000 	C:\Program Files\Java\jdk-21\bin\java.dll
0x00007ffa73120000 - 0x00007ffa73989000 	C:\WINDOWS\System32\SHELL32.dll
0x00007ffa6fa10000 - 0x00007ffa7030f000 	C:\WINDOWS\SYSTEM32\windows.storage.dll
0x00007ffa6f8d0000 - 0x00007ffa6fa0f000 	C:\WINDOWS\SYSTEM32\wintypes.dll
0x00007ffa72710000 - 0x00007ffa72809000 	C:\WINDOWS\System32\SHCORE.dll
0x00007ffa72fa0000 - 0x00007ffa72ffe000 	C:\WINDOWS\System32\shlwapi.dll
0x00007ffa71a10000 - 0x00007ffa71a37000 	C:\WINDOWS\SYSTEM32\profapi.dll
0x00007ffa39720000 - 0x00007ffa397f7000 	C:\Program Files\Java\jdk-21\bin\jsvml.dll
0x00007ffa3d370000 - 0x00007ffa3d388000 	C:\Program Files\Java\jdk-21\bin\zip.dll
0x00007ffa4c830000 - 0x00007ffa4c840000 	C:\Program Files\Java\jdk-21\bin\net.dll
0x00007ffa6d000000 - 0x00007ffa6d136000 	C:\WINDOWS\SYSTEM32\WINHTTP.dll
0x00007ffa71040000 - 0x00007ffa710a9000 	C:\WINDOWS\system32\mswsock.dll
0x00007ffa4c7c0000 - 0x00007ffa4c7d6000 	C:\Program Files\Java\jdk-21\bin\nio.dll
0x00007ffa66320000 - 0x00007ffa66330000 	C:\Program Files\Java\jdk-21\bin\verify.dll
0x00007ffa50b30000 - 0x00007ffa50b57000 	C:\Users\ELITEBOOK 840 G5\.gradle\native\1def1411415f61bf3af743bc5b6707747c0891f09f0c88961ee8f79bc544acac\windows-amd64\native-platform.dll
0x00007ffa45630000 - 0x00007ffa456a8000 	C:\Users\ELITEBOOK 840 G5\.gradle\native\0.2.7\x86_64-windows-gnu\gradle-fileevents.dll
0x00007ffa42070000 - 0x00007ffa4207a000 	C:\Program Files\Java\jdk-21\bin\management.dll
0x00007ffa41d30000 - 0x00007ffa41d3b000 	C:\Program Files\Java\jdk-21\bin\management_ext.dll
0x00007ffa728e0000 - 0x00007ffa728e8000 	C:\WINDOWS\System32\PSAPI.DLL
0x00007ffa705e0000 - 0x00007ffa7060d000 	C:\WINDOWS\SYSTEM32\IPHLPAPI.DLL
0x00007ffa72d20000 - 0x00007ffa72d29000 	C:\WINDOWS\System32\NSI.dll
0x00007ffa66360000 - 0x00007ffa66369000 	C:\Program Files\Java\jdk-21\bin\extnet.dll
0x00007ffa71390000 - 0x00007ffa713ab000 	C:\WINDOWS\SYSTEM32\CRYPTSP.dll
0x00007ffa70b40000 - 0x00007ffa70b75000 	C:\WINDOWS\system32\rsaenh.dll
0x00007ffa710e0000 - 0x00007ffa71108000 	C:\WINDOWS\SYSTEM32\USERENV.dll
0x00007ffa71370000 - 0x00007ffa7137c000 	C:\WINDOWS\SYSTEM32\CRYPTBASE.dll
0x00007ffa660f0000 - 0x00007ffa660fe000 	C:\Program Files\Java\jdk-21\bin\sunmscapi.dll
0x00007ffa72310000 - 0x00007ffa72476000 	C:\WINDOWS\System32\CRYPT32.dll
0x00007ffa714a0000 - 0x00007ffa714cd000 	C:\WINDOWS\SYSTEM32\ncrypt.dll
0x00007ffa71460000 - 0x00007ffa71497000 	C:\WINDOWS\SYSTEM32\NTASN1.dll
0x00007ffa42080000 - 0x00007ffa42088000 	C:\WINDOWS\system32\wshunix.dll
0x00007ffa70650000 - 0x00007ffa70752000 	C:\WINDOWS\SYSTEM32\DNSAPI.dll
0x00007ffa68f80000 - 0x00007ffa68f8a000 	C:\Windows\System32\rasadhlp.dll
0x00007ffa693c0000 - 0x00007ffa69443000 	C:\WINDOWS\System32\fwpuclnt.dll

dbghelp: loaded successfully - version: 4.0.5 - missing functions: none
symbol engine: initialized successfully - sym options: 0x614 - pdb path: .;C:\Program Files\Java\jdk-21\bin;C:\WINDOWS\SYSTEM32;C:\WINDOWS\WinSxS\amd64_microsoft.windows.common-controls_6595b64144ccf1df_6.0.22621.3672_none_2713b9d173822955;C:\Program Files\Java\jdk-21\bin\server;C:\Users\ELITEBOOK 840 G5\.gradle\native\1def1411415f61bf3af743bc5b6707747c0891f09f0c88961ee8f79bc544acac\windows-amd64;C:\Users\ELITEBOOK 840 G5\.gradle\native\0.2.7\x86_64-windows-gnu

VM Arguments:
jvm_args: --add-opens=java.base/java.lang=ALL-UNNAMED --add-opens=java.base/java.lang.invoke=ALL-UNNAMED --add-opens=java.base/java.util=ALL-UNNAMED --add-opens=java.prefs/java.util.prefs=ALL-UNNAMED --add-exports=jdk.compiler/com.sun.tools.javac.api=ALL-UNNAMED --add-exports=jdk.compiler/com.sun.tools.javac.util=ALL-UNNAMED --add-opens=java.base/java.util=ALL-UNNAMED --add-opens=java.prefs/java.util.prefs=ALL-UNNAMED --add-opens=java.base/java.nio.charset=ALL-UNNAMED --add-opens=java.base/java.net=ALL-UNNAMED --add-opens=java.base/java.util.concurrent.atomic=ALL-UNNAMED --add-opens=java.xml/javax.xml.namespace=ALL-UNNAMED -XX:MaxMetaspaceSize=384m -XX:+HeapDumpOnOutOfMemoryError -Xms256m -Xmx512m -Dfile.encoding=UTF-8 -Duser.country=US -Duser.language=en -Duser.variant -javaagent:C:\Users\ELITEBOOK 840 G5\.gradle\wrapper\dists\gradle-8.14.3-bin\cv11ve7ro1n3o1j4so8xd9n66\gradle-8.14.3\lib\agents\gradle-instrumentation-agent-8.14.3.jar 
java_command: org.gradle.launcher.daemon.bootstrap.GradleDaemon 8.14.3
java_class_path (initial): C:\Users\ELITEBOOK 840 G5\.gradle\wrapper\dists\gradle-8.14.3-bin\cv11ve7ro1n3o1j4so8xd9n66\gradle-8.14.3\lib\gradle-daemon-main-8.14.3.jar
Launcher Type: SUN_STANDARD

[Global flags]
     intx CICompilerCount                          = 4                                         {product} {ergonomic}
   size_t CompressedClassSpaceSize                 = 335544320                                 {product} {ergonomic}
     uint ConcGCThreads                            = 2                                         {product} {ergonomic}
     uint G1ConcRefinementThreads                  = 8                                         {product} {ergonomic}
   size_t G1HeapRegionSize                         = 1048576                                   {product} {ergonomic}
    uintx GCDrainStackTargetSize                   = 64                                        {product} {ergonomic}
     bool HeapDumpOnOutOfMemoryError               = true                                   {manageable} {command line}
   size_t InitialHeapSize                          = 268435456                                 {product} {command line}
   size_t MarkStackSize                            = 4194304                                   {product} {ergonomic}
   size_t MaxHeapSize                              = 536870912                                 {product} {command line}
   size_t MaxMetaspaceSize                         = 402653184                                 {product} {command line}
   size_t MaxNewSize                               = 321912832                                 {product} {ergonomic}
   size_t MinHeapDeltaBytes                        = 1048576                                   {product} {ergonomic}
   size_t MinHeapSize                              = 268435456                                 {product} {command line}
    uintx NonNMethodCodeHeapSize                   = 5839372                                {pd product} {ergonomic}
    uintx NonProfiledCodeHeapSize                  = 122909434                              {pd product} {ergonomic}
    uintx ProfiledCodeHeapSize                     = 122909434                              {pd product} {ergonomic}
    uintx ReservedCodeCacheSize                    = 251658240                              {pd product} {ergonomic}
     bool SegmentedCodeCache                       = true                                      {product} {ergonomic}
   size_t SoftMaxHeapSize                          = 536870912                              {manageable} {ergonomic}
     bool UseCompressedOops                        = true                           {product lp64_product} {ergonomic}
     bool UseG1GC                                  = true                                      {product} {ergonomic}
     bool UseLargePagesIndividualAllocation        = false                                  {pd product} {ergonomic}

Logging:
Log output configuration:
 #0: stdout all=warning uptime,level,tags foldmultilines=false
 #1: stderr all=off uptime,level,tags foldmultilines=false

Environment Variables:
PATH=C:\Program Files\Common Files\Oracle\Java\javapath;C:\Program Files\Microsoft MPI\Bin\;C:\WINDOWS\system32;C:\WINDOWS;C:\WINDOWS\System32\Wbem;C:\WINDOWS\System32\WindowsPowerShell\v1.0\;C:\WINDOWS\System32\OpenSSH\;C:\MinGW\bin;C:\MinGW\bin;C:\Users\ELITEBOOK 840 G5\OneDrive\Documents\java;C:\Program Files (x86)\Microsoft SQL Server\160\Tools\Binn\;C:\Program Files\Microsoft SQL Server\160\Tools\Binn\;C:\Program Files\Microsoft SQL Server\Client SDK\ODBC\170\Tools\Binn\;C:\Program Files\Microsoft SQL Server\160\DTS\Binn\;C:\Program Files\MATLAB\R2022b\bin;C:\Program Files\MATLAB\runtime\win64;C:\Program Files\MATLAB\bin;C:\Program Files\Git\cmd;C:\Program Files\Docker\Docker\resources\bin;C:\ProgramData\chocolatey\bin;C:\Users\ELITEBOOK 840 G5\Downloads\apache-maven-3.9.9-bin\bin;C:\Program Files\Apache\Maven\apache-maven-3.9.9;C:\Program Files\Apache\Maven\apache-maven-3.9.9\bin;C:\Program Files\nodejs\;C:\Program Files\MongoDB\Server\8.2\bin;C:\Program Files\Common Files\Oracle\Java\javapath;C:\Program Files\Microsoft MPI\Bin\;C:\WINDOWS\system32;C:\WINDOWS;C:\WINDOWS\System32\Wbem;C:\WINDOWS\System32\WindowsPowerShell\v1.0\;C:\WINDOWS\System32\OpenSSH\;C:\MinGW\bin;C:\MinGW\bin;C:\Users\ELITEBOOK 840 G5\OneDrive\Documents\java;C:\Program Files (x86)\Microsoft SQL Server\160\Tools\Binn\;C:\Program Files\Microsoft SQL Server\160\Tools\Binn\;C:\Program Files\Microsoft SQL Server\Client SDK\ODBC\170\Tools\Binn\;C:\Program Files\Microsoft SQL Server\160\DTS\Binn\;C:\Program Files\MATLAB\R2022b\bin;C:\Program Files\MATLAB\runtime\win64;C:\Program Files\MATLAB\bin;C:\Program Files\Git\cmd;C:\Program Files\Docker\Docker\resources\bin;C:\ProgramData\chocolatey\bin;C:\Users\ELITEBOOK 840 G5\Downloads\apache-maven-3.9.9-bin\bin;C:\Program Files\Apache\Maven\apache-maven-3.9.9;C:\Program Files\Apache\Maven\apache-maven-3.9.9\bin;C:\Program Files\nodejs\;C:\Program Files\MongoDB\Server\8.2\bin;C:\Users\ELITEBOOK 840 G5\AppData\Local\Programs\Python\Launcher\;C:\flutter\bin;C:\Users\ELITEBOOK 840 G5\AppData\Local\Pub\Cache\bin;C:\Users\ELITEBOOK 840 G5\AppData\Roaming\npm;C:\Python313\Scripts;C:\Python313;C:\Users\ELITEBOOK 840 G5\AppData\Local\Programs\Python\Python313\;C:\Users\ELITEBOOK 840 G5\AppData\Local\Programs\Python\Python313\scripts\;C:\Users\ELITEBOOK 840 G5\AppData\Local\Programs\Python\Python313;
USERNAME=ELITEBOOK 840 G5
OS=Windows_NT
PROCESSOR_IDENTIFIER=Intel64 Family 6 Model 142 Stepping 12, GenuineIntel
TMP=C:\Users\ELITEB~1\AppData\Local\Temp
TEMP=C:\Users\ELITEB~1\AppData\Local\Temp




Periodic native trim disabled

---------------  S Y S T E M  ---------------

OS:
 Windows 11 , 64 bit Build 22621 (10.0.22621.3958)
OS uptime: 1 days 21:32 hours
Hyper-V role detected

CPU: total 8 (initial active 8) (4 cores per cpu, 2 threads per core) family 6 model 142 stepping 12 microcode 0xf8, cx8, cmov, fxsr, ht, mmx, 3dnowpref, sse, sse2, sse3, ssse3, sse4.1, sse4.2, popcnt, lzcnt, tsc, tscinvbit, avx, avx2, aes, erms, clmul, bmi1, bmi2, adx, fma, vzeroupper, clflush, clflushopt, hv, rdtscp, f16c
Processor Information for processor 0
  Max Mhz: 2208, Current Mhz: 1706, Mhz Limit: 1700
Processor Information for processor 1
  Max Mhz: 2208, Current Mhz: 1706, Mhz Limit: 1700
Processor Information for processor 2
  Max Mhz: 2208, Current Mhz: 1706, Mhz Limit: 1700
Processor Information for processor 3
  Max Mhz: 2208, Current Mhz: 1706, Mhz Limit: 1700
Processor Information for processor 4
  Max Mhz: 2208, Current Mhz: 1505, Mhz Limit: 1700
Processor Information for processor 5
  Max Mhz: 2208, Current Mhz: 1706, Mhz Limit: 1700
Processor Information for processor 6
  Max Mhz: 2208, Current Mhz: 1706, Mhz Limit: 1700
Processor Information for processor 7
  Max Mhz: 2208, Current Mhz: 1505, Mhz Limit: 1700

Memory: 4k page, system-wide physical 16157M (1248M free)
TotalPageFile size 32086M (AvailPageFile size 0M)
current process WorkingSet (physical memory assigned to process): 426M, peak: 434M
current process commit charge ("private bytes"): 514M, peak: 519M

vm_info: Java HotSpot(TM) 64-Bit Server VM (21.0.6+8-LTS-188) for windows-amd64 JRE (21.0.6+8-LTS-188), built on 2024-12-03T10:50:54Z by "mach5one" with MS VC++ 17.6 (VS2022)

END.
